Archive member included to satisfy reference by file (symbol)

C:/ST/STM32CubeIDE_1.13.1/STM32CubeIDE/plugins/com.st.stm32cube.ide.mcu.externaltools.gnu-tools-for-stm32.11.3.rel1.win32_1.1.0.202305231506/tools/bin/../lib/gcc/arm-none-eabi/11.3.1/../../../../arm-none-eabi/lib/thumb/v7e-m+fp/hard\libc_nano.a(libc_a-exit.o)
                              C:/ST/STM32CubeIDE_1.13.1/STM32CubeIDE/plugins/com.st.stm32cube.ide.mcu.externaltools.gnu-tools-for-stm32.11.3.rel1.win32_1.1.0.202305231506/tools/bin/../lib/gcc/arm-none-eabi/11.3.1/../../../../arm-none-eabi/lib/thumb/v7e-m+fp/hard/crt0.o (exit)
C:/ST/STM32CubeIDE_1.13.1/STM32CubeIDE/plugins/com.st.stm32cube.ide.mcu.externaltools.gnu-tools-for-stm32.11.3.rel1.win32_1.1.0.202305231506/tools/bin/../lib/gcc/arm-none-eabi/11.3.1/../../../../arm-none-eabi/lib/thumb/v7e-m+fp/hard\libc_nano.a(libc_a-findfp.o)
                              ./Middlewares/Third_Party/FreeRTOS/Source/tasks.o (__sf)
C:/ST/STM32CubeIDE_1.13.1/STM32CubeIDE/plugins/com.st.stm32cube.ide.mcu.externaltools.gnu-tools-for-stm32.11.3.rel1.win32_1.1.0.202305231506/tools/bin/../lib/gcc/arm-none-eabi/11.3.1/../../../../arm-none-eabi/lib/thumb/v7e-m+fp/hard\libc_nano.a(libc_a-fwalk.o)
                              C:/ST/STM32CubeIDE_1.13.1/STM32CubeIDE/plugins/com.st.stm32cube.ide.mcu.externaltools.gnu-tools-for-stm32.11.3.rel1.win32_1.1.0.202305231506/tools/bin/../lib/gcc/arm-none-eabi/11.3.1/../../../../arm-none-eabi/lib/thumb/v7e-m+fp/hard\libc_nano.a(libc_a-findfp.o) (_fwalk_sglue)
C:/ST/STM32CubeIDE_1.13.1/STM32CubeIDE/plugins/com.st.stm32cube.ide.mcu.externaltools.gnu-tools-for-stm32.11.3.rel1.win32_1.1.0.202305231506/tools/bin/../lib/gcc/arm-none-eabi/11.3.1/../../../../arm-none-eabi/lib/thumb/v7e-m+fp/hard\libc_nano.a(libc_a-printf.o)
                              ./Core/Src/main.o (printf)
C:/ST/STM32CubeIDE_1.13.1/STM32CubeIDE/plugins/com.st.stm32cube.ide.mcu.externaltools.gnu-tools-for-stm32.11.3.rel1.win32_1.1.0.202305231506/tools/bin/../lib/gcc/arm-none-eabi/11.3.1/../../../../arm-none-eabi/lib/thumb/v7e-m+fp/hard\libc_nano.a(libc_a-puts.o)
                              ./Core/Src/main.o (puts)
C:/ST/STM32CubeIDE_1.13.1/STM32CubeIDE/plugins/com.st.stm32cube.ide.mcu.externaltools.gnu-tools-for-stm32.11.3.rel1.win32_1.1.0.202305231506/tools/bin/../lib/gcc/arm-none-eabi/11.3.1/../../../../arm-none-eabi/lib/thumb/v7e-m+fp/hard\libc_nano.a(libc_a-stdio.o)
                              C:/ST/STM32CubeIDE_1.13.1/STM32CubeIDE/plugins/com.st.stm32cube.ide.mcu.externaltools.gnu-tools-for-stm32.11.3.rel1.win32_1.1.0.202305231506/tools/bin/../lib/gcc/arm-none-eabi/11.3.1/../../../../arm-none-eabi/lib/thumb/v7e-m+fp/hard\libc_nano.a(libc_a-findfp.o) (__sread)
C:/ST/STM32CubeIDE_1.13.1/STM32CubeIDE/plugins/com.st.stm32cube.ide.mcu.externaltools.gnu-tools-for-stm32.11.3.rel1.win32_1.1.0.202305231506/tools/bin/../lib/gcc/arm-none-eabi/11.3.1/../../../../arm-none-eabi/lib/thumb/v7e-m+fp/hard\libc_nano.a(libc_a-wbuf.o)
                              C:/ST/STM32CubeIDE_1.13.1/STM32CubeIDE/plugins/com.st.stm32cube.ide.mcu.externaltools.gnu-tools-for-stm32.11.3.rel1.win32_1.1.0.202305231506/tools/bin/../lib/gcc/arm-none-eabi/11.3.1/../../../../arm-none-eabi/lib/thumb/v7e-m+fp/hard\libc_nano.a(libc_a-puts.o) (__swbuf_r)
C:/ST/STM32CubeIDE_1.13.1/STM32CubeIDE/plugins/com.st.stm32cube.ide.mcu.externaltools.gnu-tools-for-stm32.11.3.rel1.win32_1.1.0.202305231506/tools/bin/../lib/gcc/arm-none-eabi/11.3.1/../../../../arm-none-eabi/lib/thumb/v7e-m+fp/hard\libc_nano.a(libc_a-wsetup.o)
                              C:/ST/STM32CubeIDE_1.13.1/STM32CubeIDE/plugins/com.st.stm32cube.ide.mcu.externaltools.gnu-tools-for-stm32.11.3.rel1.win32_1.1.0.202305231506/tools/bin/../lib/gcc/arm-none-eabi/11.3.1/../../../../arm-none-eabi/lib/thumb/v7e-m+fp/hard\libc_nano.a(libc_a-puts.o) (__swsetup_r)
C:/ST/STM32CubeIDE_1.13.1/STM32CubeIDE/plugins/com.st.stm32cube.ide.mcu.externaltools.gnu-tools-for-stm32.11.3.rel1.win32_1.1.0.202305231506/tools/bin/../lib/gcc/arm-none-eabi/11.3.1/../../../../arm-none-eabi/lib/thumb/v7e-m+fp/hard\libc_nano.a(libc_a-memset.o)
                              C:/ST/STM32CubeIDE_1.13.1/STM32CubeIDE/plugins/com.st.stm32cube.ide.mcu.externaltools.gnu-tools-for-stm32.11.3.rel1.win32_1.1.0.202305231506/tools/bin/../lib/gcc/arm-none-eabi/11.3.1/../../../../arm-none-eabi/lib/thumb/v7e-m+fp/hard/crt0.o (memset)
C:/ST/STM32CubeIDE_1.13.1/STM32CubeIDE/plugins/com.st.stm32cube.ide.mcu.externaltools.gnu-tools-for-stm32.11.3.rel1.win32_1.1.0.202305231506/tools/bin/../lib/gcc/arm-none-eabi/11.3.1/../../../../arm-none-eabi/lib/thumb/v7e-m+fp/hard\libc_nano.a(libc_a-closer.o)
                              C:/ST/STM32CubeIDE_1.13.1/STM32CubeIDE/plugins/com.st.stm32cube.ide.mcu.externaltools.gnu-tools-for-stm32.11.3.rel1.win32_1.1.0.202305231506/tools/bin/../lib/gcc/arm-none-eabi/11.3.1/../../../../arm-none-eabi/lib/thumb/v7e-m+fp/hard\libc_nano.a(libc_a-stdio.o) (_close_r)
[...]
Memory Configuration

Name             Origin             Length             Attributes
RAM              0x0000000020000000 0x0000000000010000 xrw
FLASH            0x0000000008000000 0x0000000000040000 xr
*default*        0x0000000000000000 0xffffffffffffffff

Linker script and memory map

LOAD C:/ST/STM32CubeIDE_1.13.1/STM32CubeIDE/plugins/com.st.stm32cube.ide.mcu.externaltools.gnu-tools-for-stm32.11.3.rel1.win32_1.1.0.202305231506/tools/bin/../lib/gcc/arm-none-eabi/11.3.1/thumb/v7e-m+fp/hard/crti.o
LOAD C:/ST/STM32CubeIDE_1.13.1/STM32CubeIDE/plugins/com.st.stm32cube.ide.mcu.externaltools.gnu-tools-for-stm32.11.3.rel1.win32_1.1.0.202305231506/tools/bin/../lib/gcc/arm-none-eabi/11.3.1/thumb/v7e-m+fp/hard/crtbegin.o
LOAD C:/ST/STM32CubeIDE_1.13.1/STM32CubeIDE/plugins/com.st.stm32cube.ide.mcu.externaltools.gnu-tools-for-stm32.11.3.rel1.win32_1.1.0.202305231506/tools/bin/../lib/gcc/arm-none-eabi/11.3.1/../../../../arm-none-eabi/lib/thumb/v7e-m+fp/hard/crt0.o
LOAD ./Core/Src/freertos.o
LOAD ./Core/Src/main.o
LOAD ./Core/Src/stm32f4xx_hal_msp.o
LOAD ./Core/Src/stm32f4xx_hal_timebase_tim.o
LOAD ./Core/Src/stm32f4xx_it.o
LOAD ./Core/Src/syscalls.o
LOAD ./Core/Src/sysmem.o
LOAD ./Core/Src/system_stm32f4xx.o
LOAD ./Core/Startup/startup_stm32f401ccux.o
LOAD ./Drivers/STM32F4xx_HAL_Driver/Src/stm32f4xx_hal.o
LOAD ./Drivers/STM32F4xx_HAL_Driver/Src/stm32f4xx_hal_adc.o
LOAD ./Drivers/STM32F4xx_HAL_Driver/Src/stm32f4xx_hal_adc_ex.o
LOAD ./Drivers/STM32F4xx_HAL_Driver/Src/stm32f4xx_hal_cortex.o
LOAD ./Drivers/STM32F4xx_HAL_Driver/Src/stm32f4xx_hal_crc.o
LOAD ./Drivers/STM32F4xx_HAL_Driver/Src/stm32f4xx_hal_dma.o
LOAD ./Drivers/STM32F4xx_HAL_Driver/Src/stm32f4xx_hal_dma_ex.o
LOAD ./Drivers/STM32F4xx_HAL_Driver/Src/stm32f4xx_hal_exti.o
LOAD ./Drivers/STM32F4xx_HAL_Driver/Src/stm32f4xx_hal_flash.o
LOAD ./Drivers/STM32F4xx_HAL_Driver/Src/stm32f4xx_hal_flash_ex.o
LOAD ./Drivers/STM32F4xx_HAL_Driver/Src/stm32f4xx_hal_flash_ramfunc.o
LOAD ./Drivers/STM32F4xx_HAL_Driver/Src/stm32f4xx_hal_gpio.o
LOAD ./Drivers/STM32F4xx_HAL_Driver/Src/stm32f4xx_hal_pcd.o
LOAD ./Drivers/STM32F4xx_HAL_Driver/Src/stm32f4xx_hal_pcd_ex.o
LOAD ./Drivers/STM32F4xx_HAL_Driver/Src/stm32f4xx_hal_pwr.o
LOAD ./Drivers/STM32F4xx_HAL_Driver/Src/stm32f4xx_hal_pwr_ex.o
LOAD ./Drivers/STM32F4xx_HAL_Driver/Src/stm32f4xx_hal_rcc.o
LOAD ./Drivers/STM32F4xx_HAL_Driver/Src/stm32f4xx_hal_rcc_ex.o
LOAD ./Drivers/STM32F4xx_HAL_Driver/Src/stm32f4xx_hal_rtc.o
LOAD ./Drivers/STM32F4xx_HAL_Driver/Src/stm32f4xx_hal_rtc_ex.o
LOAD ./Drivers/STM32F4xx_HAL_Driver/Src/stm32f4xx_hal_tim.o
LOAD ./Drivers/STM32F4xx_HAL_Driver/Src/stm32f4xx_hal_tim_ex.o
LOAD ./Drivers/STM32F4xx_HAL_Driver/Src/stm32f4xx_ll_adc.o
LOAD ./Drivers/STM32F4xx_HAL_Driver/Src/stm32f4xx_ll_usb.o
LOAD ./Middlewares/ST/STM32_USB_Device_Library/Class/CDC/Src/usbd_cdc.o
LOAD ./Middlewares/ST/STM32_USB_Device_Library/Core/Src/usbd_core.o
LOAD ./Middlewares/ST/STM32_USB_Device_Library/Core/Src/usbd_ctlreq.o
LOAD ./Middlewares/ST/STM32_USB_Device_Library/Core/Src/usbd_ioreq.o
LOAD ./Middlewares/Third_Party/FreeRTOS/Source/CMSIS_RTOS_V2/cmsis_os2.o
LOAD ./Middlewares/Third_Party/FreeRTOS/Source/croutine.o
LOAD ./Middlewares/Third_Party/FreeRTOS/Source/event_groups.o
LOAD ./Middlewares/Third_Party/FreeRTOS/Source/list.o
LOAD ./Middlewares/Third_Party/FreeRTOS/Source/queue.o
LOAD ./Middlewares/Third_Party/FreeRTOS/Source/stream_buffer.o
LOAD ./Middlewares/Third_Party/FreeRTOS/Source/tasks.o
LOAD ./Middlewares/Third_Party/FreeRTOS/Source/timers.o
LOAD ./Middlewares/Third_Party/FreeRTOS/Source/portable/GCC/ARM_CM4F/port.o
LOAD ./Middlewares/Third_Party/FreeRTOS/Source/portable/MemMang/heap_4.o
LOAD ./USB_DEVICE/App/usb_device.o
LOAD ./USB_DEVICE/App/usbd_cdc_if.o
LOAD ./USB_DEVICE/App/usbd_desc.o
LOAD ./USB_DEVICE/Target/usbd_conf.o
LOAD ./external/RTT/SEGGER_RTT.o
LOAD ./external/RTT/SEGGER_RTT_printf.o
LOAD ./external/rtt_syscall.o
LOAD ./src/buttonThread.o
START GROUP
LOAD C:/ST/STM32CubeIDE_1.13.1/STM32CubeIDE/plugins/com.st.stm32cube.ide.mcu.externaltools.gnu-tools-for-stm32.11.3.rel1.win32_1.1.0.202305231506/tools/bin/../lib/gcc/arm-none-eabi/11.3.1/../../../../arm-none-eabi/lib/thumb/v7e-m+fp/hard\libc_nano.a
LOAD C:/ST/STM32CubeIDE_1.13.1/STM32CubeIDE/plugins/com.st.stm32cube.ide.mcu.externaltools.gnu-tools-for-stm32.11.3.rel1.win32_1.1.0.202305231506/tools/bin/../lib/gcc/arm-none-eabi/11.3.1/../../../../arm-none-eabi/lib/thumb/v7e-m+fp/hard\libm.a
END GROUP
START GROUP
LOAD C:/ST/STM32CubeIDE_1.13.1/STM32CubeIDE/plugins/com.st.stm32cube.ide.mcu.externaltools.gnu-tools-for-stm32.11.3.rel1.win32_1.1.0.202305231506/tools/bin/../lib/gcc/arm-none-eabi/11.3.1/thumb/v7e-m+fp/hard\libgcc.a
LOAD C:/ST/STM32CubeIDE_1.13.1/STM32CubeIDE/plugins/com.st.stm32cube.ide.mcu.externaltools.gnu-tools-for-stm32.11.3.rel1.win32_1.1.0.202305231506/tools/bin/../lib/gcc/arm-none-eabi/11.3.1/../../../../arm-none-eabi/lib/thumb/v7e-m+fp/hard\libc_nano.a
END GROUP
START GROUP
LOAD C:/ST/STM32CubeIDE_1.13.1/STM32CubeIDE/plugins/com.st.stm32cube.ide.mcu.externaltools.gnu-tools-for-stm32.11.3.rel1.win32_1.1.0.202305231506/tools/bin/../lib/gcc/arm-none-eabi/11.3.1/thumb/v7e-m+fp/hard\libgcc.a
LOAD C:/ST/STM32CubeIDE_1.13.1/STM32CubeIDE/plugins/com.st.stm32cube.ide.mcu.externaltools.gnu-tools-for-stm32.11.3.rel1.win32_1.1.0.202305231506/tools/bin/../lib/gcc/arm-none-eabi/11.3.1/../../../../arm-none-eabi/lib/thumb/v7e-m+fp/hard\libc_nano.a
LOAD C:/ST/STM32CubeIDE_1.13.1/STM32CubeIDE/plugins/com.st.stm32cube.ide.mcu.externaltools.gnu-tools-for-stm32.11.3.rel1.win32_1.1.0.202305231506/tools/bin/../lib/gcc/arm-none-eabi/11.3.1/../../../../arm-none-eabi/lib/thumb/v7e-m+fp/hard\libnosys.a
END GROUP
START GROUP
LOAD C:/ST/STM32CubeIDE_1.13.1/STM32CubeIDE/plugins/com.st.stm32cube.ide.mcu.externaltools.gnu-tools-for-stm32.11.3.rel1.win32_1.1.0.202305231506/tools/bin/../lib/gcc/arm-none-eabi/11.3.1/thumb/v7e-m+fp/hard\libgcc.a
LOAD C:/ST/STM32CubeIDE_1.13.1/STM32CubeIDE/plugins/com.st.stm32cube.ide.mcu.externaltools.gnu-tools-for-stm32.11.3.rel1.win32_1.1.0.202305231506/tools/bin/../lib/gcc/arm-none-eabi/11.3.1/../../../../arm-none-eabi/lib/thumb/v7e-m+fp/hard\libc_nano.a
LOAD C:/ST/STM32CubeIDE_1.13.1/STM32CubeIDE/plugins/com.st.stm32cube.ide.mcu.externaltools.gnu-tools-for-stm32.11.3.rel1.win32_1.1.0.202305231506/tools/bin/../lib/gcc/arm-none-eabi/11.3.1/../../../../arm-none-eabi/lib/thumb/v7e-m+fp/hard\libnosys.a
END GROUP
LOAD C:/ST/STM32CubeIDE_1.13.1/STM32CubeIDE/plugins/com.st.stm32cube.ide.mcu.externaltools.gnu-tools-for-stm32.11.3.rel1.win32_1.1.0.202305231506/tools/bin/../lib/gcc/arm-none-eabi/11.3.1/thumb/v7e-m+fp/hard/crtend.o
LOAD C:/ST/STM32CubeIDE_1.13.1/STM32CubeIDE/plugins/com.st.stm32cube.ide.mcu.externaltools.gnu-tools-for-stm32.11.3.rel1.win32_1.1.0.202305231506/tools/bin/../lib/gcc/arm-none-eabi/11.3.1/thumb/v7e-m+fp/hard/crtn.o
                0x0000000020010000                _estack = (ORIGIN (RAM) + LENGTH (RAM))
                0x0000000000000200                _Min_Heap_Size = 0x200
                0x0000000000000400                _Min_Stack_Size = 0x400

.isr_vector     0x0000000008000000      0x194
                0x0000000008000000                . = ALIGN (0x4)
 *(.isr_vector)
 .isr_vector    0x0000000008000000      0x194 ./Core/Startup/startup_stm32f401ccux.o
                0x0000000008000000                g_pfnVectors
                0x0000000008000194                . = ALIGN (0x4)

.text           0x00000000080001a0     0xd83c
                0x00000000080001a0                . = ALIGN (0x4)
 *(.text)
 .text          0x00000000080001a0       0x40 C:/ST/STM32CubeIDE_1.13.1/STM32CubeIDE/plugins/com.st.stm32cube.ide.mcu.externaltools.gnu-tools-for-stm32.11.3.rel1.win32_1.1.0.202305231506/tools/bin/../lib/gcc/arm-none-eabi/11.3.1/thumb/v7e-m+fp/hard/crtbegin.o
 .text          0x00000000080001e0       0xa0 C:/ST/STM32CubeIDE_1.13.1/STM32CubeIDE/plugins/com.st.stm32cube.ide.mcu.externaltools.gnu-tools-for-stm32.11.3.rel1.win32_1.1.0.202305231506/tools/bin/../lib/gcc/arm-none-eabi/11.3.1/../../../../arm-none-eabi/lib/thumb/v7e-m+fp/hard\libc_nano.a(libc_a-memchr.o)
                0x00000000080001e0                memchr
 .text          0x0000000008000280       0x30 C:/ST/STM32CubeIDE_1.13.1/STM32CubeIDE/plugins/com.st.stm32cube.ide.mcu.externaltools.gnu-tools-for-stm32.11.3.rel1.win32_1.1.0.202305231506/tools/bin/../lib/gcc/arm-none-eabi/11.3.1/thumb/v7e-m+fp/hard\libgcc.a(_aeabi_uldivmod.o)
                0x0000000008000280                __aeabi_uldivmod
 .text          0x00000000080002b0      0x2c8 C:/ST/STM32CubeIDE_1.13.1/STM32CubeIDE/plugins/com.st.stm32cube.ide.mcu.externaltools.gnu-tools-for-stm32.11.3.rel1.win32_1.1.0.202305231506/tools/bin/../lib/gcc/arm-none-eabi/11.3.1/thumb/v7e-m+fp/hard\libgcc.a(_udivmoddi4.o)
                0x00000000080002b0                __udivmoddi4
 .text          0x0000000008000578        0x4 C:/ST/STM32CubeIDE_1.13.1/STM32CubeIDE/plugins/com.st.stm32cube.ide.mcu.externaltools.gnu-tools-for-stm32.11.3.rel1.win32_1.1.0.202305231506/tools/bin/../lib/gcc/arm-none-eabi/11.3.1/thumb/v7e-m+fp/hard\libgcc.a(_dvmd_tls.o)
                0x0000000008000578                __aeabi_idiv0
                0x0000000008000578                __aeabi_ldiv0
 *(.text*)
 .text.main     0x000000000800057c       0x94 ./Core/Src/main.o
                0x000000000800057c                main
 .text.SystemClock_Config
                0x0000000008000610       0xdc ./Core/Src/main.o
                0x0000000008000610                SystemClock_Config
 .text.MX_ADC1_Init
                0x00000000080006ec       0xa8 ./Core/Src/main.o
 .text.MX_CRC_Init
                0x0000000008000794       0x28 ./Core/Src/main.o
 .text.MX_RTC_Init
                0x00000000080007bc       0xb4 ./Core/Src/main.o
 .text.MX_GPIO_Init
                0x0000000008000870       0xc0 ./Core/Src/main.o
 .text.StartDefaultTask
                0x0000000008000930       0x58 ./Core/Src/main.o
                0x0000000008000930                StartDefaultTask
 .text.HAL_TIM_PeriodElapsedCallback
                0x0000000008000988       0x24 ./Core/Src/main.o
                0x0000000008000988                HAL_TIM_PeriodElapsedCallback
 .text.Error_Handler
                0x00000000080009ac        0xa ./Core/Src/main.o
                0x00000000080009ac                Error_Handler
 *fill*         0x00000000080009b6        0x2 
 .text.assert_failed
                0x00000000080009b8       0x20 ./Core/Src/main.o
                0x00000000080009b8                assert_failed
 .text.HAL_MspInit
                0x00000000080009d8       0x58 ./Core/Src/stm32f4xx_hal_msp.o
                0x00000000080009d8                HAL_MspInit
 .text.HAL_ADC_MspInit
                0x0000000008000a30       0x88 ./Core/Src/stm32f4xx_hal_msp.o
                0x0000000008000a30                HAL_ADC_MspInit
 .text.HAL_CRC_MspInit
                0x0000000008000ab8       0x44 ./Core/Src/stm32f4xx_hal_msp.o
                0x0000000008000ab8                HAL_CRC_MspInit
 .text.HAL_RTC_MspInit
                0x0000000008000afc       0x58 ./Core/Src/stm32f4xx_hal_msp.o
                0x0000000008000afc                HAL_RTC_MspInit
 .text.HAL_InitTick
                0x0000000008000b54       0xe4 ./Core/Src/stm32f4xx_hal_timebase_tim.o
                0x0000000008000b54                HAL_InitTick
 .text.NMI_Handler
                0x0000000008000c38        0x6 ./Core/Src/stm32f4xx_it.o
                0x0000000008000c38                NMI_Handler
 .text.HardFault_Handler
                0x0000000008000c3e        0x6 ./Core/Src/stm32f4xx_it.o
                0x0000000008000c3e                HardFault_Handler
 .text.MemManage_Handler
                0x0000000008000c44        0x6 ./Core/Src/stm32f4xx_it.o
                0x0000000008000c44                MemManage_Handler
 .text.BusFault_Handler
                0x0000000008000c4a        0x6 ./Core/Src/stm32f4xx_it.o
                0x0000000008000c4a                BusFault_Handler
 .text.UsageFault_Handler
                0x0000000008000c50        0x6 ./Core/Src/stm32f4xx_it.o
                0x0000000008000c50                UsageFault_Handler
 .text.DebugMon_Handler
                0x0000000008000c56        0xe ./Core/Src/stm32f4xx_it.o
                0x0000000008000c56                DebugMon_Handler
 .text.TIM1_UP_TIM10_IRQHandler
                0x0000000008000c64       0x14 ./Core/Src/stm32f4xx_it.o
                0x0000000008000c64                TIM1_UP_TIM10_IRQHandler
 .text.OTG_FS_IRQHandler
                0x0000000008000c78       0x14 ./Core/Src/stm32f4xx_it.o
                0x0000000008000c78                OTG_FS_IRQHandler
 .text._read    0x0000000008000c8c       0x3a ./Core/Src/syscalls.o
                0x0000000008000c8c                _read
 .text._close   0x0000000008000cc6       0x18 ./Core/Src/syscalls.o
                0x0000000008000cc6                _close
 .text._fstat   0x0000000008000cde       0x20 ./Core/Src/syscalls.o
                0x0000000008000cde                _fstat
 .text._isatty  0x0000000008000cfe       0x16 ./Core/Src/syscalls.o
                0x0000000008000cfe                _isatty
 .text._lseek   0x0000000008000d14       0x1a ./Core/Src/syscalls.o
                0x0000000008000d14                _lseek
 *fill*         0x0000000008000d2e        0x2 
 .text._sbrk    0x0000000008000d30       0x6c ./Core/Src/sysmem.o
                0x0000000008000d30                _sbrk
 .text.SystemInit
                0x0000000008000d9c       0x24 ./Core/Src/system_stm32f4xx.o
                0x0000000008000d9c                SystemInit
 .text.Reset_Handler
                0x0000000008000dc0       0x50 ./Core/Startup/startup_stm32f401ccux.o
                0x0000000008000dc0                Reset_Handler
 .text.Default_Handler
                0x0000000008000e10        0x2 ./Core/Startup/startup_stm32f401ccux.o
                0x0000000008000e10                RTC_Alarm_IRQHandler
                0x0000000008000e10                EXTI2_IRQHandler
                0x0000000008000e10                SPI4_IRQHandler
                0x0000000008000e10                TIM1_CC_IRQHandler
                0x0000000008000e10                DMA2_Stream5_IRQHandler
                0x0000000008000e10                DMA1_Stream5_IRQHandler
                0x0000000008000e10                PVD_IRQHandler
                0x0000000008000e10                SDIO_IRQHandler
                0x0000000008000e10                TAMP_STAMP_IRQHandler
                0x0000000008000e10                EXTI3_IRQHandler
                0x0000000008000e10                I2C3_ER_IRQHandler
                0x0000000008000e10                EXTI0_IRQHandler
                0x0000000008000e10                I2C2_EV_IRQHandler
                0x0000000008000e10                DMA1_Stream2_IRQHandler
                0x0000000008000e10                FPU_IRQHandler
                0x0000000008000e10                DMA2_Stream2_IRQHandler
                0x0000000008000e10                SPI1_IRQHandler
                0x0000000008000e10                TIM1_BRK_TIM9_IRQHandler
                0x0000000008000e10                DMA2_Stream3_IRQHandler
                0x0000000008000e10                USART6_IRQHandler
                0x0000000008000e10                DMA2_Stream0_IRQHandler
                0x0000000008000e10                TIM4_IRQHandler
                0x0000000008000e10                I2C1_EV_IRQHandler
                0x0000000008000e10                DMA1_Stream6_IRQHandler
                0x0000000008000e10                DMA1_Stream1_IRQHandler
                0x0000000008000e10                TIM3_IRQHandler
                0x0000000008000e10                RCC_IRQHandler
                0x0000000008000e10                Default_Handler
                0x0000000008000e10                EXTI15_10_IRQHandler
                0x0000000008000e10                ADC_IRQHandler
                0x0000000008000e10                DMA1_Stream7_IRQHandler
                0x0000000008000e10                TIM5_IRQHandler
                0x0000000008000e10                DMA2_Stream7_IRQHandler
                0x0000000008000e10                I2C3_EV_IRQHandler
                0x0000000008000e10                EXTI9_5_IRQHandler
                0x0000000008000e10                RTC_WKUP_IRQHandler
                0x0000000008000e10                SPI2_IRQHandler
                0x0000000008000e10                DMA1_Stream0_IRQHandler
                0x0000000008000e10                EXTI4_IRQHandler
                0x0000000008000e10                WWDG_IRQHandler
                0x0000000008000e10                TIM2_IRQHandler
                0x0000000008000e10                OTG_FS_WKUP_IRQHandler
                0x0000000008000e10                TIM1_TRG_COM_TIM11_IRQHandler
                0x0000000008000e10                EXTI1_IRQHandler
                0x0000000008000e10                USART2_IRQHandler
                0x0000000008000e10                I2C2_ER_IRQHandler
                0x0000000008000e10                DMA2_Stream1_IRQHandler
                0x0000000008000e10                FLASH_IRQHandler
                0x0000000008000e10                DMA2_Stream4_IRQHandler
                0x0000000008000e10                USART1_IRQHandler
                0x0000000008000e10                SPI3_IRQHandler
                0x0000000008000e10                DMA1_Stream4_IRQHandler
                0x0000000008000e10                I2C1_ER_IRQHandler
                0x0000000008000e10                DMA2_Stream6_IRQHandler
                0x0000000008000e10                DMA1_Stream3_IRQHandler
 *fill*         0x0000000008000e12        0x2 
 .text.HAL_Init
                0x0000000008000e14       0x44 ./Drivers/STM32F4xx_HAL_Driver/Src/stm32f4xx_hal.o
                0x0000000008000e14                HAL_Init
 .text.HAL_IncTick
                0x0000000008000e58       0x28 ./Drivers/STM32F4xx_HAL_Driver/Src/stm32f4xx_hal.o
                0x0000000008000e58                HAL_IncTick
 .text.HAL_GetTick
                0x0000000008000e80       0x18 ./Drivers/STM32F4xx_HAL_Driver/Src/stm32f4xx_hal.o
                0x0000000008000e80                HAL_GetTick
 .text.HAL_Delay
                0x0000000008000e98       0x48 ./Drivers/STM32F4xx_HAL_Driver/Src/stm32f4xx_hal.o
                0x0000000008000e98                HAL_Delay
 .text.HAL_ADC_Init
                0x0000000008000ee0      0x2bc ./Drivers/STM32F4xx_HAL_Driver/Src/stm32f4xx_hal_adc.o
                0x0000000008000ee0                HAL_ADC_Init
 .text.HAL_ADC_Start_IT
                0x000000000800119c      0x1c4 ./Drivers/STM32F4xx_HAL_Driver/Src/stm32f4xx_hal_adc.o
                0x000000000800119c                HAL_ADC_Start_IT
 .text.HAL_ADC_ConfigChannel
                0x0000000008001360      0x2bc ./Drivers/STM32F4xx_HAL_Driver/Src/stm32f4xx_hal_adc.o
                0x0000000008001360                HAL_ADC_ConfigChannel
 .text.ADC_Init
                0x000000000800161c      0x214 ./Drivers/STM32F4xx_HAL_Driver/Src/stm32f4xx_hal_adc.o
 .text.__NVIC_SetPriorityGrouping
                0x0000000008001830       0x48 ./Drivers/STM32F4xx_HAL_Driver/Src/stm32f4xx_hal_cortex.o
 .text.__NVIC_GetPriorityGrouping
                0x0000000008001878       0x1c ./Drivers/STM32F4xx_HAL_Driver/Src/stm32f4xx_hal_cortex.o
 .text.__NVIC_EnableIRQ
                0x0000000008001894       0x3c ./Drivers/STM32F4xx_HAL_Driver/Src/stm32f4xx_hal_cortex.o
 .text.__NVIC_SetPriority
                0x00000000080018d0       0x54 ./Drivers/STM32F4xx_HAL_Driver/Src/stm32f4xx_hal_cortex.o
 .text.NVIC_EncodePriority
                0x0000000008001924       0x66 ./Drivers/STM32F4xx_HAL_Driver/Src/stm32f4xx_hal_cortex.o
 *fill*         0x000000000800198a        0x2 
 .text.HAL_NVIC_SetPriorityGrouping
                0x000000000800198c       0x40 ./Drivers/STM32F4xx_HAL_Driver/Src/stm32f4xx_hal_cortex.o
                0x000000000800198c                HAL_NVIC_SetPriorityGrouping
 .text.HAL_NVIC_SetPriority
                0x00000000080019cc       0x58 ./Drivers/STM32F4xx_HAL_Driver/Src/stm32f4xx_hal_cortex.o
                0x00000000080019cc                HAL_NVIC_SetPriority
 .text.HAL_NVIC_EnableIRQ
                0x0000000008001a24       0x30 ./Drivers/STM32F4xx_HAL_Driver/Src/stm32f4xx_hal_cortex.o
                0x0000000008001a24                HAL_NVIC_EnableIRQ
 .text.HAL_CRC_Init
                0x0000000008001a54       0x54 ./Drivers/STM32F4xx_HAL_Driver/Src/stm32f4xx_hal_crc.o
                0x0000000008001a54                HAL_CRC_Init
 .text.HAL_GPIO_Init
                0x0000000008001aa8      0x528 ./Drivers/STM32F4xx_HAL_Driver/Src/stm32f4xx_hal_gpio.o
                0x0000000008001aa8                HAL_GPIO_Init
 .text.HAL_GPIO_ReadPin
                0x0000000008001fd0       0x4c ./Drivers/STM32F4xx_HAL_Driver/Src/stm32f4xx_hal_gpio.o
                0x0000000008001fd0                HAL_GPIO_ReadPin
 .text.HAL_GPIO_WritePin
                0x000000000800201c       0x64 ./Drivers/STM32F4xx_HAL_Driver/Src/stm32f4xx_hal_gpio.o
                0x000000000800201c                HAL_GPIO_WritePin
 .text.HAL_GPIO_TogglePin
                0x0000000008002080       0x50 ./Drivers/STM32F4xx_HAL_Driver/Src/stm32f4xx_hal_gpio.o
                0x0000000008002080                HAL_GPIO_TogglePin
 .text.HAL_PCD_Init
                0x00000000080020d0      0x250 ./Drivers/STM32F4xx_HAL_Driver/Src/stm32f4xx_hal_pcd.o
                0x00000000080020d0                HAL_PCD_Init
 .text.HAL_PCD_Start
                0x0000000008002320       0x66 ./Drivers/STM32F4xx_HAL_Driver/Src/stm32f4xx_hal_pcd.o
                0x0000000008002320                HAL_PCD_Start
 .text.HAL_PCD_IRQHandler
                0x0000000008002386      0x93e ./Drivers/STM32F4xx_HAL_Driver/Src/stm32f4xx_hal_pcd.o
                0x0000000008002386                HAL_PCD_IRQHandler
 .text.HAL_PCD_SetAddress
                0x0000000008002cc4       0x4a ./Drivers/STM32F4xx_HAL_Driver/Src/stm32f4xx_hal_pcd.o
                0x0000000008002cc4                HAL_PCD_SetAddress
 .text.HAL_PCD_EP_Open
                0x0000000008002d0e       0xd0 ./Drivers/STM32F4xx_HAL_Driver/Src/stm32f4xx_hal_pcd.o
                0x0000000008002d0e                HAL_PCD_EP_Open
 .text.HAL_PCD_EP_Close
                0x0000000008002dde       0x94 ./Drivers/STM32F4xx_HAL_Driver/Src/stm32f4xx_hal_pcd.o
                0x0000000008002dde                HAL_PCD_EP_Close
 .text.HAL_PCD_EP_Receive
                0x0000000008002e72       0x96 ./Drivers/STM32F4xx_HAL_Driver/Src/stm32f4xx_hal_pcd.o
                0x0000000008002e72                HAL_PCD_EP_Receive
 .text.HAL_PCD_EP_GetRxCount
                0x0000000008002f08       0x30 ./Drivers/STM32F4xx_HAL_Driver/Src/stm32f4xx_hal_pcd.o
                0x0000000008002f08                HAL_PCD_EP_GetRxCount
 .text.HAL_PCD_EP_Transmit
                0x0000000008002f38       0x94 ./Drivers/STM32F4xx_HAL_Driver/Src/stm32f4xx_hal_pcd.o
                0x0000000008002f38                HAL_PCD_EP_Transmit
 .text.HAL_PCD_EP_SetStall
                0x0000000008002fcc       0xc8 ./Drivers/STM32F4xx_HAL_Driver/Src/stm32f4xx_hal_pcd.o
                0x0000000008002fcc                HAL_PCD_EP_SetStall
 .text.HAL_PCD_EP_ClrStall
                0x0000000008003094       0xac ./Drivers/STM32F4xx_HAL_Driver/Src/stm32f4xx_hal_pcd.o
                0x0000000008003094                HAL_PCD_EP_ClrStall
 .text.HAL_PCD_EP_Abort
                0x0000000008003140       0x62 ./Drivers/STM32F4xx_HAL_Driver/Src/stm32f4xx_hal_pcd.o
                0x0000000008003140                HAL_PCD_EP_Abort
 .text.PCD_WriteEmptyTxFifo
                0x00000000080031a2      0x11a ./Drivers/STM32F4xx_HAL_Driver/Src/stm32f4xx_hal_pcd.o
 .text.PCD_EP_OutXfrComplete_int
                0x00000000080032bc      0x1d0 ./Drivers/STM32F4xx_HAL_Driver/Src/stm32f4xx_hal_pcd.o
 .text.PCD_EP_OutSetupPacket_int
                0x000000000800348c       0x8c ./Drivers/STM32F4xx_HAL_Driver/Src/stm32f4xx_hal_pcd.o
 .text.HAL_PCDEx_SetTxFiFo
                0x0000000008003518       0x8e ./Drivers/STM32F4xx_HAL_Driver/Src/stm32f4xx_hal_pcd_ex.o
                0x0000000008003518                HAL_PCDEx_SetTxFiFo
 .text.HAL_PCDEx_SetRxFiFo
                0x00000000080035a6       0x22 ./Drivers/STM32F4xx_HAL_Driver/Src/stm32f4xx_hal_pcd_ex.o
                0x00000000080035a6                HAL_PCDEx_SetRxFiFo
 .text.HAL_PCDEx_LPM_Callback
                0x00000000080035c8       0x18 ./Drivers/STM32F4xx_HAL_Driver/Src/stm32f4xx_hal_pcd_ex.o
                0x00000000080035c8                HAL_PCDEx_LPM_Callback
 .text.HAL_RCC_OscConfig
                0x00000000080035e0      0x650 ./Drivers/STM32F4xx_HAL_Driver/Src/stm32f4xx_hal_rcc.o
                0x00000000080035e0                HAL_RCC_OscConfig
 .text.HAL_RCC_ClockConfig
                0x0000000008003c30      0x31c ./Drivers/STM32F4xx_HAL_Driver/Src/stm32f4xx_hal_rcc.o
                0x0000000008003c30                HAL_RCC_ClockConfig
 .text.HAL_RCC_GetSysClockFreq
                0x0000000008003f4c      0x18c ./Drivers/STM32F4xx_HAL_Driver/Src/stm32f4xx_hal_rcc.o
                0x0000000008003f4c                HAL_RCC_GetSysClockFreq
 .text.HAL_RCC_GetHCLKFreq
                0x00000000080040d8       0x18 ./Drivers/STM32F4xx_HAL_Driver/Src/stm32f4xx_hal_rcc.o
                0x00000000080040d8                HAL_RCC_GetHCLKFreq
 .text.HAL_RCC_GetPCLK2Freq
                0x00000000080040f0       0x28 ./Drivers/STM32F4xx_HAL_Driver/Src/stm32f4xx_hal_rcc.o
                0x00000000080040f0                HAL_RCC_GetPCLK2Freq
 .text.HAL_RCC_GetClockConfig
                0x0000000008004118       0x64 ./Drivers/STM32F4xx_HAL_Driver/Src/stm32f4xx_hal_rcc.o
                0x0000000008004118                HAL_RCC_GetClockConfig
 .text.HAL_RCCEx_PeriphCLKConfig
                0x000000000800417c      0x40c ./Drivers/STM32F4xx_HAL_Driver/Src/stm32f4xx_hal_rcc_ex.o
                0x000000000800417c                HAL_RCCEx_PeriphCLKConfig
 .text.HAL_RTC_Init
                0x0000000008004588      0x1b0 ./Drivers/STM32F4xx_HAL_Driver/Src/stm32f4xx_hal_rtc.o
                0x0000000008004588                HAL_RTC_Init
 .text.HAL_RTC_SetTime
                0x0000000008004738      0x290 ./Drivers/STM32F4xx_HAL_Driver/Src/stm32f4xx_hal_rtc.o
                0x0000000008004738                HAL_RTC_SetTime
 .text.HAL_RTC_SetDate
                0x00000000080049c8      0x218 ./Drivers/STM32F4xx_HAL_Driver/Src/stm32f4xx_hal_rtc.o
                0x00000000080049c8                HAL_RTC_SetDate
 .text.HAL_RTC_WaitForSynchro
                0x0000000008004be0       0x50 ./Drivers/STM32F4xx_HAL_Driver/Src/stm32f4xx_hal_rtc.o
                0x0000000008004be0                HAL_RTC_WaitForSynchro
 .text.RTC_EnterInitMode
                0x0000000008004c30       0x6e ./Drivers/STM32F4xx_HAL_Driver/Src/stm32f4xx_hal_rtc.o
                0x0000000008004c30                RTC_EnterInitMode
 .text.RTC_ExitInitMode
                0x0000000008004c9e       0x4a ./Drivers/STM32F4xx_HAL_Driver/Src/stm32f4xx_hal_rtc.o
                0x0000000008004c9e                RTC_ExitInitMode
 .text.RTC_ByteToBcd2
                0x0000000008004ce8       0x3a ./Drivers/STM32F4xx_HAL_Driver/Src/stm32f4xx_hal_rtc.o
                0x0000000008004ce8                RTC_ByteToBcd2
 .text.RTC_Bcd2ToByte
                0x0000000008004d22       0x38 ./Drivers/STM32F4xx_HAL_Driver/Src/stm32f4xx_hal_rtc.o
                0x0000000008004d22                RTC_Bcd2ToByte
 *fill*         0x0000000008004d5a        0x2 
 .text.HAL_TIM_Base_Init
                0x0000000008004d5c      0x18c ./Drivers/STM32F4xx_HAL_Driver/Src/stm32f4xx_hal_tim.o
                0x0000000008004d5c                HAL_TIM_Base_Init
 .text.HAL_TIM_Base_MspInit
                0x0000000008004ee8       0x14 ./Drivers/STM32F4xx_HAL_Driver/Src/stm32f4xx_hal_tim.o
                0x0000000008004ee8                HAL_TIM_Base_MspInit
 .text.HAL_TIM_Base_Start_IT
                0x0000000008004efc      0x124 ./Drivers/STM32F4xx_HAL_Driver/Src/stm32f4xx_hal_tim.o
                0x0000000008004efc                HAL_TIM_Base_Start_IT
 .text.HAL_TIM_IRQHandler
                0x0000000008005020      0x210 ./Drivers/STM32F4xx_HAL_Driver/Src/stm32f4xx_hal_tim.o
                0x0000000008005020                HAL_TIM_IRQHandler
 .text.HAL_TIM_OC_DelayElapsedCallback
                0x0000000008005230       0x14 ./Drivers/STM32F4xx_HAL_Driver/Src/stm32f4xx_hal_tim.o
                0x0000000008005230                HAL_TIM_OC_DelayElapsedCallback
 .text.HAL_TIM_IC_CaptureCallback
                0x0000000008005244       0x14 ./Drivers/STM32F4xx_HAL_Driver/Src/stm32f4xx_hal_tim.o
                0x0000000008005244                HAL_TIM_IC_CaptureCallback
 .text.HAL_TIM_PWM_PulseFinishedCallback
                0x0000000008005258       0x14 ./Drivers/STM32F4xx_HAL_Driver/Src/stm32f4xx_hal_tim.o
                0x0000000008005258                HAL_TIM_PWM_PulseFinishedCallback
 .text.HAL_TIM_TriggerCallback
                0x000000000800526c       0x14 ./Drivers/STM32F4xx_HAL_Driver/Src/stm32f4xx_hal_tim.o
                0x000000000800526c                HAL_TIM_TriggerCallback
 .text.TIM_Base_SetConfig
                0x0000000008005280      0x100 ./Drivers/STM32F4xx_HAL_Driver/Src/stm32f4xx_hal_tim.o
                0x0000000008005280                TIM_Base_SetConfig
 .text.HAL_TIMEx_CommutCallback
                0x0000000008005380       0x14 ./Drivers/STM32F4xx_HAL_Driver/Src/stm32f4xx_hal_tim_ex.o
                0x0000000008005380                HAL_TIMEx_CommutCallback
 .text.HAL_TIMEx_BreakCallback
                0x0000000008005394       0x14 ./Drivers/STM32F4xx_HAL_Driver/Src/stm32f4xx_hal_tim_ex.o
                0x0000000008005394                HAL_TIMEx_BreakCallback
 .text.USB_CoreInit
                0x00000000080053a8       0xc2 ./Drivers/STM32F4xx_HAL_Driver/Src/stm32f4xx_ll_usb.o
                0x00000000080053a8                USB_CoreInit
 *fill*         0x000000000800546a        0x2 
 .text.USB_SetTurnaroundTime
                0x000000000800546c      0x144 ./Drivers/STM32F4xx_HAL_Driver/Src/stm32f4xx_ll_usb.o
                0x000000000800546c                USB_SetTurnaroundTime
 .text.USB_EnableGlobalInt
                0x00000000080055b0       0x22 ./Drivers/STM32F4xx_HAL_Driver/Src/stm32f4xx_ll_usb.o
                0x00000000080055b0                USB_EnableGlobalInt
 .text.USB_DisableGlobalInt
                0x00000000080055d2       0x22 ./Drivers/STM32F4xx_HAL_Driver/Src/stm32f4xx_ll_usb.o
                0x00000000080055d2                USB_DisableGlobalInt
 .text.USB_SetCurrentMode
                0x00000000080055f4       0x98 ./Drivers/STM32F4xx_HAL_Driver/Src/stm32f4xx_ll_usb.o
                0x00000000080055f4                USB_SetCurrentMode
 .text.USB_DevInit
                0x000000000800568c      0x2c8 ./Drivers/STM32F4xx_HAL_Driver/Src/stm32f4xx_ll_usb.o
                0x000000000800568c                USB_DevInit
 .text.USB_FlushTxFifo
                0x0000000008005954       0x68 ./Drivers/STM32F4xx_HAL_Driver/Src/stm32f4xx_ll_usb.o
                0x0000000008005954                USB_FlushTxFifo
 .text.USB_FlushRxFifo
                0x00000000080059bc       0x60 ./Drivers/STM32F4xx_HAL_Driver/Src/stm32f4xx_ll_usb.o
                0x00000000080059bc                USB_FlushRxFifo
 .text.USB_SetDevSpeed
                0x0000000008005a1c       0x32 ./Drivers/STM32F4xx_HAL_Driver/Src/stm32f4xx_ll_usb.o
                0x0000000008005a1c                USB_SetDevSpeed
 .text.USB_GetDevSpeed
                0x0000000008005a4e       0x4a ./Drivers/STM32F4xx_HAL_Driver/Src/stm32f4xx_ll_usb.o
                0x0000000008005a4e                USB_GetDevSpeed
 .text.USB_ActivateEndpoint
                0x0000000008005a98      0x10e ./Drivers/STM32F4xx_HAL_Driver/Src/stm32f4xx_ll_usb.o
                0x0000000008005a98                USB_ActivateEndpoint
 *fill*         0x0000000008005ba6        0x2 
 .text.USB_DeactivateEndpoint
                0x0000000008005ba8      0x1b8 ./Drivers/STM32F4xx_HAL_Driver/Src/stm32f4xx_ll_usb.o
                0x0000000008005ba8                USB_DeactivateEndpoint
 .text.USB_EPStartXfer
                0x0000000008005d60      0x490 ./Drivers/STM32F4xx_HAL_Driver/Src/stm32f4xx_ll_usb.o
                0x0000000008005d60                USB_EPStartXfer
 .text.USB_EP0StartXfer
                0x00000000080061f0      0x2b0 ./Drivers/STM32F4xx_HAL_Driver/Src/stm32f4xx_ll_usb.o
                0x00000000080061f0                USB_EP0StartXfer
 .text.USB_EPStopXfer
                0x00000000080064a0      0x154 ./Drivers/STM32F4xx_HAL_Driver/Src/stm32f4xx_ll_usb.o
                0x00000000080064a0                USB_EPStopXfer
 .text.USB_WritePacket
                0x00000000080065f4       0x7c ./Drivers/STM32F4xx_HAL_Driver/Src/stm32f4xx_ll_usb.o
                0x00000000080065f4                USB_WritePacket
 .text.USB_ReadPacket
                0x0000000008006670       0xb0 ./Drivers/STM32F4xx_HAL_Driver/Src/stm32f4xx_ll_usb.o
                0x0000000008006670                USB_ReadPacket
 .text.USB_EPSetStall
                0x0000000008006720       0xdc ./Drivers/STM32F4xx_HAL_Driver/Src/stm32f4xx_ll_usb.o
                0x0000000008006720                USB_EPSetStall
 .text.USB_EPClearStall
                0x00000000080067fc       0xcc ./Drivers/STM32F4xx_HAL_Driver/Src/stm32f4xx_ll_usb.o
                0x00000000080067fc                USB_EPClearStall
 .text.USB_SetDevAddress
                0x00000000080068c8       0x4c ./Drivers/STM32F4xx_HAL_Driver/Src/stm32f4xx_ll_usb.o
                0x00000000080068c8                USB_SetDevAddress
 .text.USB_DevConnect
                0x0000000008006914       0x42 ./Drivers/STM32F4xx_HAL_Driver/Src/stm32f4xx_ll_usb.o
                0x0000000008006914                USB_DevConnect
 .text.USB_DevDisconnect
                0x0000000008006956       0x42 ./Drivers/STM32F4xx_HAL_Driver/Src/stm32f4xx_ll_usb.o
                0x0000000008006956                USB_DevDisconnect
 .text.USB_ReadInterrupts
                0x0000000008006998       0x26 ./Drivers/STM32F4xx_HAL_Driver/Src/stm32f4xx_ll_usb.o
                0x0000000008006998                USB_ReadInterrupts
 .text.USB_ReadDevAllOutEpInterrupt
                0x00000000080069be       0x34 ./Drivers/STM32F4xx_HAL_Driver/Src/stm32f4xx_ll_usb.o
                0x00000000080069be                USB_ReadDevAllOutEpInterrupt
 .text.USB_ReadDevAllInEpInterrupt
                0x00000000080069f2       0x34 ./Drivers/STM32F4xx_HAL_Driver/Src/stm32f4xx_ll_usb.o
                0x00000000080069f2                USB_ReadDevAllInEpInterrupt
 .text.USB_ReadDevOutEPInterrupt
                0x0000000008006a26       0x3c ./Drivers/STM32F4xx_HAL_Driver/Src/stm32f4xx_ll_usb.o
                0x0000000008006a26                USB_ReadDevOutEPInterrupt
 .text.USB_ReadDevInEPInterrupt
                0x0000000008006a62       0x5c ./Drivers/STM32F4xx_HAL_Driver/Src/stm32f4xx_ll_usb.o
                0x0000000008006a62                USB_ReadDevInEPInterrupt
 .text.USB_GetMode
                0x0000000008006abe       0x1c ./Drivers/STM32F4xx_HAL_Driver/Src/stm32f4xx_ll_usb.o
                0x0000000008006abe                USB_GetMode
 .text.USB_ActivateSetup
                0x0000000008006ada       0x46 ./Drivers/STM32F4xx_HAL_Driver/Src/stm32f4xx_ll_usb.o
                0x0000000008006ada                USB_ActivateSetup
 .text.USB_EP0_OutStart
                0x0000000008006b20       0xbc ./Drivers/STM32F4xx_HAL_Driver/Src/stm32f4xx_ll_usb.o
                0x0000000008006b20                USB_EP0_OutStart
 .text.USB_CoreReset
                0x0000000008006bdc       0x68 ./Drivers/STM32F4xx_HAL_Driver/Src/stm32f4xx_ll_usb.o
 .text.USBD_CDC_Init
                0x0000000008006c44      0x1f0 ./Middlewares/ST/STM32_USB_Device_Library/Class/CDC/Src/usbd_cdc.o
 .text.USBD_CDC_DeInit
                0x0000000008006e34      0x104 ./Middlewares/ST/STM32_USB_Device_Library/Class/CDC/Src/usbd_cdc.o
 .text.USBD_CDC_Setup
                0x0000000008006f38      0x1b8 ./Middlewares/ST/STM32_USB_Device_Library/Class/CDC/Src/usbd_cdc.o
 .text.USBD_CDC_DataIn
                0x00000000080070f0       0xfe ./Middlewares/ST/STM32_USB_Device_Library/Class/CDC/Src/usbd_cdc.o
 .text.USBD_CDC_DataOut
                0x00000000080071ee       0x70 ./Middlewares/ST/STM32_USB_Device_Library/Class/CDC/Src/usbd_cdc.o
 .text.USBD_CDC_EP0_RxReady
                0x000000000800725e       0x76 ./Middlewares/ST/STM32_USB_Device_Library/Class/CDC/Src/usbd_cdc.o
 .text.USBD_CDC_GetFSCfgDesc
                0x00000000080072d4       0x70 ./Middlewares/ST/STM32_USB_Device_Library/Class/CDC/Src/usbd_cdc.o
 .text.USBD_CDC_GetHSCfgDesc
                0x0000000008007344       0x70 ./Middlewares/ST/STM32_USB_Device_Library/Class/CDC/Src/usbd_cdc.o
 .text.USBD_CDC_GetOtherSpeedCfgDesc
                0x00000000080073b4       0x70 ./Middlewares/ST/STM32_USB_Device_Library/Class/CDC/Src/usbd_cdc.o
 .text.USBD_CDC_GetDeviceQualifierDescriptor
                0x0000000008007424       0x20 ./Middlewares/ST/STM32_USB_Device_Library/Class/CDC/Src/usbd_cdc.o
                0x0000000008007424                USBD_CDC_GetDeviceQualifierDescriptor
 .text.USBD_CDC_RegisterInterface
                0x0000000008007444       0x34 ./Middlewares/ST/STM32_USB_Device_Library/Class/CDC/Src/usbd_cdc.o
                0x0000000008007444                USBD_CDC_RegisterInterface
 .text.USBD_CDC_SetTxBuffer
                0x0000000008007478       0x44 ./Middlewares/ST/STM32_USB_Device_Library/Class/CDC/Src/usbd_cdc.o
                0x0000000008007478                USBD_CDC_SetTxBuffer
 .text.USBD_CDC_SetRxBuffer
                0x00000000080074bc       0x3a ./Middlewares/ST/STM32_USB_Device_Library/Class/CDC/Src/usbd_cdc.o
                0x00000000080074bc                USBD_CDC_SetRxBuffer
 *fill*         0x00000000080074f6        0x2 
 .text.USBD_CDC_ReceivePacket
                0x00000000080074f8       0x6c ./Middlewares/ST/STM32_USB_Device_Library/Class/CDC/Src/usbd_cdc.o
                0x00000000080074f8                USBD_CDC_ReceivePacket
 .text.USBD_Init
                0x0000000008007564       0x60 ./Middlewares/ST/STM32_USB_Device_Library/Core/Src/usbd_core.o
                0x0000000008007564                USBD_Init
 .text.USBD_RegisterClass
                0x00000000080075c4       0x6c ./Middlewares/ST/STM32_USB_Device_Library/Core/Src/usbd_core.o
                0x00000000080075c4                USBD_RegisterClass
 .text.USBD_Start
                0x0000000008007630       0x18 ./Middlewares/ST/STM32_USB_Device_Library/Core/Src/usbd_core.o
                0x0000000008007630                USBD_Start
 .text.USBD_RunTestMode
                0x0000000008007648       0x16 ./Middlewares/ST/STM32_USB_Device_Library/Core/Src/usbd_core.o
                0x0000000008007648                USBD_RunTestMode
 .text.USBD_SetClassConfig
                0x000000000800765e       0x38 ./Middlewares/ST/STM32_USB_Device_Library/Core/Src/usbd_core.o
                0x000000000800765e                USBD_SetClassConfig
 .text.USBD_ClrClassConfig
                0x0000000008007696       0x34 ./Middlewares/ST/STM32_USB_Device_Library/Core/Src/usbd_core.o
                0x0000000008007696                USBD_ClrClassConfig
 .text.USBD_LL_SetupStage
                0x00000000080076ca       0xaa ./Middlewares/ST/STM32_USB_Device_Library/Core/Src/usbd_core.o
                0x00000000080076ca                USBD_LL_SetupStage
 .text.USBD_LL_DataOutStage
                0x0000000008007774      0x166 ./Middlewares/ST/STM32_USB_Device_Library/Core/Src/usbd_core.o
                0x0000000008007774                USBD_LL_DataOutStage
 .text.USBD_LL_DataInStage
                0x00000000080078da      0x164 ./Middlewares/ST/STM32_USB_Device_Library/Core/Src/usbd_core.o
                0x00000000080078da                USBD_LL_DataInStage
 .text.USBD_LL_Reset
                0x0000000008007a3e       0xa4 ./Middlewares/ST/STM32_USB_Device_Library/Core/Src/usbd_core.o
                0x0000000008007a3e                USBD_LL_Reset
 .text.USBD_LL_SetSpeed
                0x0000000008007ae2       0x20 ./Middlewares/ST/STM32_USB_Device_Library/Core/Src/usbd_core.o
                0x0000000008007ae2                USBD_LL_SetSpeed
 .text.USBD_LL_Suspend
                0x0000000008007b02       0x2c ./Middlewares/ST/STM32_USB_Device_Library/Core/Src/usbd_core.o
                0x0000000008007b02                USBD_LL_Suspend
 .text.USBD_LL_Resume
                0x0000000008007b2e       0x30 ./Middlewares/ST/STM32_USB_Device_Library/Core/Src/usbd_core.o
                0x0000000008007b2e                USBD_LL_Resume
 .text.USBD_LL_SOF
                0x0000000008007b5e       0x40 ./Middlewares/ST/STM32_USB_Device_Library/Core/Src/usbd_core.o
                0x0000000008007b5e                USBD_LL_SOF
 .text.USBD_LL_IsoINIncomplete
                0x0000000008007b9e       0x64 ./Middlewares/ST/STM32_USB_Device_Library/Core/Src/usbd_core.o
                0x0000000008007b9e                USBD_LL_IsoINIncomplete
 .text.USBD_LL_IsoOUTIncomplete
                0x0000000008007c02       0x64 ./Middlewares/ST/STM32_USB_Device_Library/Core/Src/usbd_core.o
                0x0000000008007c02                USBD_LL_IsoOUTIncomplete
 .text.USBD_LL_DevConnected
                0x0000000008007c66       0x16 ./Middlewares/ST/STM32_USB_Device_Library/Core/Src/usbd_core.o
                0x0000000008007c66                USBD_LL_DevConnected
 .text.USBD_LL_DevDisconnected
                0x0000000008007c7c       0x46 ./Middlewares/ST/STM32_USB_Device_Library/Core/Src/usbd_core.o
                0x0000000008007c7c                USBD_LL_DevDisconnected
 .text.USBD_CoreFindIF
                0x0000000008007cc2       0x1a ./Middlewares/ST/STM32_USB_Device_Library/Core/Src/usbd_core.o
                0x0000000008007cc2                USBD_CoreFindIF
 .text.USBD_CoreFindEP
                0x0000000008007cdc       0x1a ./Middlewares/ST/STM32_USB_Device_Library/Core/Src/usbd_core.o
                0x0000000008007cdc                USBD_CoreFindEP
 .text.USBD_GetEpDesc
                0x0000000008007cf6       0x74 ./Middlewares/ST/STM32_USB_Device_Library/Core/Src/usbd_core.o
                0x0000000008007cf6                USBD_GetEpDesc
 .text.USBD_GetNextDesc
                0x0000000008007d6a       0x3a ./Middlewares/ST/STM32_USB_Device_Library/Core/Src/usbd_core.o
                0x0000000008007d6a                USBD_GetNextDesc
 .text.SWAPBYTE
                0x0000000008007da4       0x3c ./Middlewares/ST/STM32_USB_Device_Library/Core/Src/usbd_ctlreq.o
 .text.USBD_StdDevReq
                0x0000000008007de0       0xe4 ./Middlewares/ST/STM32_USB_Device_Library/Core/Src/usbd_ctlreq.o
                0x0000000008007de0                USBD_StdDevReq
 .text.USBD_StdItfReq
                0x0000000008007ec4       0xd8 ./Middlewares/ST/STM32_USB_Device_Library/Core/Src/usbd_ctlreq.o
                0x0000000008007ec4                USBD_StdItfReq
 .text.USBD_StdEPReq
                0x0000000008007f9c      0x33a ./Middlewares/ST/STM32_USB_Device_Library/Core/Src/usbd_ctlreq.o
                0x0000000008007f9c                USBD_StdEPReq
 *fill*         0x00000000080082d6        0x2 
 .text.USBD_GetDescriptor
                0x00000000080082d8      0x2d4 ./Middlewares/ST/STM32_USB_Device_Library/Core/Src/usbd_ctlreq.o
 .text.USBD_SetAddress
                0x00000000080085ac       0x88 ./Middlewares/ST/STM32_USB_Device_Library/Core/Src/usbd_ctlreq.o
 .text.USBD_SetConfig
                0x0000000008008634      0x154 ./Middlewares/ST/STM32_USB_Device_Library/Core/Src/usbd_ctlreq.o
 .text.USBD_GetConfig
                0x0000000008008788       0x6c ./Middlewares/ST/STM32_USB_Device_Library/Core/Src/usbd_ctlreq.o
 .text.USBD_GetStatus
                0x00000000080087f4       0x68 ./Middlewares/ST/STM32_USB_Device_Library/Core/Src/usbd_ctlreq.o
 .text.USBD_SetFeature
                0x000000000800885c       0x52 ./Middlewares/ST/STM32_USB_Device_Library/Core/Src/usbd_ctlreq.o
 .text.USBD_ClrFeature
                0x00000000080088ae       0x44 ./Middlewares/ST/STM32_USB_Device_Library/Core/Src/usbd_ctlreq.o
 .text.USBD_ParseSetupRequest
                0x00000000080088f2       0x74 ./Middlewares/ST/STM32_USB_Device_Library/Core/Src/usbd_ctlreq.o
                0x00000000080088f2                USBD_ParseSetupRequest
 .text.USBD_CtlError
                0x0000000008008966       0x22 ./Middlewares/ST/STM32_USB_Device_Library/Core/Src/usbd_ctlreq.o
                0x0000000008008966                USBD_CtlError
 .text.USBD_GetString
                0x0000000008008988       0x8c ./Middlewares/ST/STM32_USB_Device_Library/Core/Src/usbd_ctlreq.o
                0x0000000008008988                USBD_GetString
 .text.USBD_GetLen
                0x0000000008008a14       0x34 ./Middlewares/ST/STM32_USB_Device_Library/Core/Src/usbd_ctlreq.o
 .text.USBD_CtlSendData
                0x0000000008008a48       0x36 ./Middlewares/ST/STM32_USB_Device_Library/Core/Src/usbd_ioreq.o
                0x0000000008008a48                USBD_CtlSendData
 .text.USBD_CtlContinueSendData
                0x0000000008008a7e       0x22 ./Middlewares/ST/STM32_USB_Device_Library/Core/Src/usbd_ioreq.o
                0x0000000008008a7e                USBD_CtlContinueSendData
 .text.USBD_CtlPrepareRx
                0x0000000008008aa0       0x3a ./Middlewares/ST/STM32_USB_Device_Library/Core/Src/usbd_ioreq.o
                0x0000000008008aa0                USBD_CtlPrepareRx
 .text.USBD_CtlContinueRx
                0x0000000008008ada       0x22 ./Middlewares/ST/STM32_USB_Device_Library/Core/Src/usbd_ioreq.o
                0x0000000008008ada                USBD_CtlContinueRx
 .text.USBD_CtlSendStatus
                0x0000000008008afc       0x26 ./Middlewares/ST/STM32_USB_Device_Library/Core/Src/usbd_ioreq.o
                0x0000000008008afc                USBD_CtlSendStatus
 .text.USBD_CtlReceiveStatus
                0x0000000008008b22       0x26 ./Middlewares/ST/STM32_USB_Device_Library/Core/Src/usbd_ioreq.o
                0x0000000008008b22                USBD_CtlReceiveStatus
 .text.__NVIC_SetPriority
                0x0000000008008b48       0x54 ./Middlewares/Third_Party/FreeRTOS/Source/CMSIS_RTOS_V2/cmsis_os2.o
 .text.SysTick_Handler
                0x0000000008008b9c       0x20 ./Middlewares/Third_Party/FreeRTOS/Source/CMSIS_RTOS_V2/cmsis_os2.o
                0x0000000008008b9c                SysTick_Handler
 .text.SVC_Setup
                0x0000000008008bbc       0x12 ./Middlewares/Third_Party/FreeRTOS/Source/CMSIS_RTOS_V2/cmsis_os2.o
 *fill*         0x0000000008008bce        0x2 
 .text.osKernelInitialize
                0x0000000008008bd0       0x48 ./Middlewares/Third_Party/FreeRTOS/Source/CMSIS_RTOS_V2/cmsis_os2.o
                0x0000000008008bd0                osKernelInitialize
 .text.osKernelStart
                0x0000000008008c18       0x4c ./Middlewares/Third_Party/FreeRTOS/Source/CMSIS_RTOS_V2/cmsis_os2.o
                0x0000000008008c18                osKernelStart
 .text.osThreadNew
                0x0000000008008c64      0x124 ./Middlewares/Third_Party/FreeRTOS/Source/CMSIS_RTOS_V2/cmsis_os2.o
                0x0000000008008c64                osThreadNew
 .text.osDelay  0x0000000008008d88       0x36 ./Middlewares/Third_Party/FreeRTOS/Source/CMSIS_RTOS_V2/cmsis_os2.o
                0x0000000008008d88                osDelay
 .text.osDelayUntil
                0x0000000008008dbe       0x5a ./Middlewares/Third_Party/FreeRTOS/Source/CMSIS_RTOS_V2/cmsis_os2.o
                0x0000000008008dbe                osDelayUntil
 .text.osMessageQueueNew
                0x0000000008008e18       0xe6 ./Middlewares/Third_Party/FreeRTOS/Source/CMSIS_RTOS_V2/cmsis_os2.o
                0x0000000008008e18                osMessageQueueNew
 *fill*         0x0000000008008efe        0x2 
 .text.osMessageQueuePut
                0x0000000008008f00       0xc0 ./Middlewares/Third_Party/FreeRTOS/Source/CMSIS_RTOS_V2/cmsis_os2.o
                0x0000000008008f00                osMessageQueuePut
 .text.osMessageQueueGet
                0x0000000008008fc0       0xbc ./Middlewares/Third_Party/FreeRTOS/Source/CMSIS_RTOS_V2/cmsis_os2.o
                0x0000000008008fc0                osMessageQueueGet
 .text.vApplicationGetIdleTaskMemory
                0x000000000800907c       0x34 ./Middlewares/Third_Party/FreeRTOS/Source/CMSIS_RTOS_V2/cmsis_os2.o
                0x000000000800907c                vApplicationGetIdleTaskMemory
 .text.vApplicationGetTimerTaskMemory
                0x00000000080090b0       0x34 ./Middlewares/Third_Party/FreeRTOS/Source/CMSIS_RTOS_V2/cmsis_os2.o
                0x00000000080090b0                vApplicationGetTimerTaskMemory
 .text.vListInitialise
                0x00000000080090e4       0x40 ./Middlewares/Third_Party/FreeRTOS/Source/list.o
                0x00000000080090e4                vListInitialise
 .text.vListInitialiseItem
                0x0000000008009124       0x1a ./Middlewares/Third_Party/FreeRTOS/Source/list.o
                0x0000000008009124                vListInitialiseItem
 .text.vListInsertEnd
                0x000000000800913e       0x48 ./Middlewares/Third_Party/FreeRTOS/Source/list.o
                0x000000000800913e                vListInsertEnd
 .text.vListInsert
                0x0000000008009186       0x72 ./Middlewares/Third_Party/FreeRTOS/Source/list.o
                0x0000000008009186                vListInsert
 .text.uxListRemove
                0x00000000080091f8       0x54 ./Middlewares/Third_Party/FreeRTOS/Source/list.o
                0x00000000080091f8                uxListRemove
 .text.xQueueGenericReset
                0x000000000800924c       0xd0 ./Middlewares/Third_Party/FreeRTOS/Source/queue.o
                0x000000000800924c                xQueueGenericReset
 .text.xQueueGenericCreateStatic
                0x000000000800931c       0xf0 ./Middlewares/Third_Party/FreeRTOS/Source/queue.o
                0x000000000800931c                xQueueGenericCreateStatic
 .text.xQueueGenericCreate
                0x000000000800940c       0x74 ./Middlewares/Third_Party/FreeRTOS/Source/queue.o
                0x000000000800940c                xQueueGenericCreate
 .text.prvInitialiseNewQueue
                0x0000000008009480       0x46 ./Middlewares/Third_Party/FreeRTOS/Source/queue.o
 *fill*         0x00000000080094c6        0x2 
 .text.xQueueGenericSend
                0x00000000080094c8      0x1fc ./Middlewares/Third_Party/FreeRTOS/Source/queue.o
                0x00000000080094c8                xQueueGenericSend
 .text.xQueueGenericSendFromISR
                0x00000000080096c4      0x136 ./Middlewares/Third_Party/FreeRTOS/Source/queue.o
                0x00000000080096c4                xQueueGenericSendFromISR
 *fill*         0x00000000080097fa        0x2 
 .text.xQueueReceive
                0x00000000080097fc      0x1c0 ./Middlewares/Third_Party/FreeRTOS/Source/queue.o
                0x00000000080097fc                xQueueReceive
 .text.xQueueReceiveFromISR
                0x00000000080099bc      0x100 ./Middlewares/Third_Party/FreeRTOS/Source/queue.o
                0x00000000080099bc                xQueueReceiveFromISR
 .text.prvCopyDataToQueue
                0x0000000008009abc       0xd4 ./Middlewares/Third_Party/FreeRTOS/Source/queue.o
 .text.prvCopyDataFromQueue
                0x0000000008009b90       0x4c ./Middlewares/Third_Party/FreeRTOS/Source/queue.o
 .text.prvUnlockQueue
                0x0000000008009bdc       0xa4 ./Middlewares/Third_Party/FreeRTOS/Source/queue.o
 .text.prvIsQueueEmpty
                0x0000000008009c80       0x2c ./Middlewares/Third_Party/FreeRTOS/Source/queue.o
 .text.prvIsQueueFull
                0x0000000008009cac       0x30 ./Middlewares/Third_Party/FreeRTOS/Source/queue.o
 .text.vQueueAddToRegistry
                0x0000000008009cdc       0x54 ./Middlewares/Third_Party/FreeRTOS/Source/queue.o
                0x0000000008009cdc                vQueueAddToRegistry
 .text.vQueueWaitForMessageRestricted
                0x0000000008009d30       0x68 ./Middlewares/Third_Party/FreeRTOS/Source/queue.o
                0x0000000008009d30                vQueueWaitForMessageRestricted
 .text.xTaskCreateStatic
                0x0000000008009d98       0xba ./Middlewares/Third_Party/FreeRTOS/Source/tasks.o
                0x0000000008009d98                xTaskCreateStatic
 .text.xTaskCreate
                0x0000000008009e52       0x8a ./Middlewares/Third_Party/FreeRTOS/Source/tasks.o
                0x0000000008009e52                xTaskCreate
 .text.prvInitialiseNewTask
                0x0000000008009edc      0x14c ./Middlewares/Third_Party/FreeRTOS/Source/tasks.o
 .text.prvAddNewTaskToReadyList
                0x000000000800a028       0xe0 ./Middlewares/Third_Party/FreeRTOS/Source/tasks.o
 .text.vTaskDelayUntil
                0x000000000800a108       0xfc ./Middlewares/Third_Party/FreeRTOS/Source/tasks.o
                0x000000000800a108                vTaskDelayUntil
 .text.vTaskDelay
                0x000000000800a204       0x68 ./Middlewares/Third_Party/FreeRTOS/Source/tasks.o
                0x000000000800a204                vTaskDelay
 .text.vTaskStartScheduler
                0x000000000800a26c       0xe0 ./Middlewares/Third_Party/FreeRTOS/Source/tasks.o
                0x000000000800a26c                vTaskStartScheduler
 .text.vTaskSuspendAll
                0x000000000800a34c       0x1c ./Middlewares/Third_Party/FreeRTOS/Source/tasks.o
                0x000000000800a34c                vTaskSuspendAll
 .text.xTaskResumeAll
                0x000000000800a368      0x13c ./Middlewares/Third_Party/FreeRTOS/Source/tasks.o
                0x000000000800a368                xTaskResumeAll
 .text.xTaskGetTickCount
                0x000000000800a4a4       0x20 ./Middlewares/Third_Party/FreeRTOS/Source/tasks.o
                0x000000000800a4a4                xTaskGetTickCount
 .text.xTaskIncrementTick
                0x000000000800a4c4      0x174 ./Middlewares/Third_Party/FreeRTOS/Source/tasks.o
                0x000000000800a4c4                xTaskIncrementTick
 .text.vTaskSwitchContext
                0x000000000800a638       0xc8 ./Middlewares/Third_Party/FreeRTOS/Source/tasks.o
                0x000000000800a638                vTaskSwitchContext
 .text.vTaskPlaceOnEventList
                0x000000000800a700       0x48 ./Middlewares/Third_Party/FreeRTOS/Source/tasks.o
                0x000000000800a700                vTaskPlaceOnEventList
 .text.vTaskPlaceOnEventListRestricted
                0x000000000800a748       0x58 ./Middlewares/Third_Party/FreeRTOS/Source/tasks.o
                0x000000000800a748                vTaskPlaceOnEventListRestricted
 .text.xTaskRemoveFromEventList
                0x000000000800a7a0       0xc8 ./Middlewares/Third_Party/FreeRTOS/Source/tasks.o
                0x000000000800a7a0                xTaskRemoveFromEventList
 .text.vTaskInternalSetTimeOutState
                0x000000000800a868       0x2c ./Middlewares/Third_Party/FreeRTOS/Source/tasks.o
                0x000000000800a868                vTaskInternalSetTimeOutState
 .text.xTaskCheckForTimeOut
                0x000000000800a894       0xc4 ./Middlewares/Third_Party/FreeRTOS/Source/tasks.o
                0x000000000800a894                xTaskCheckForTimeOut
 .text.vTaskMissedYield
                0x000000000800a958       0x18 ./Middlewares/Third_Party/FreeRTOS/Source/tasks.o
                0x000000000800a958                vTaskMissedYield
 .text.prvIdleTask
                0x000000000800a970       0x30 ./Middlewares/Third_Party/FreeRTOS/Source/tasks.o
 .text.prvInitialiseTaskLists
                0x000000000800a9a0       0x80 ./Middlewares/Third_Party/FreeRTOS/Source/tasks.o
 .text.prvCheckTasksWaitingTermination
                0x000000000800aa20       0x5c ./Middlewares/Third_Party/FreeRTOS/Source/tasks.o
 .text.prvDeleteTCB
                0x000000000800aa7c       0x68 ./Middlewares/Third_Party/FreeRTOS/Source/tasks.o
 .text.prvResetNextTaskUnblockTime
                0x000000000800aae4       0x40 ./Middlewares/Third_Party/FreeRTOS/Source/tasks.o
 .text.xTaskGetSchedulerState
                0x000000000800ab24       0x3c ./Middlewares/Third_Party/FreeRTOS/Source/tasks.o
                0x000000000800ab24                xTaskGetSchedulerState
 .text.xTaskPriorityDisinherit
                0x000000000800ab60       0xdc ./Middlewares/Third_Party/FreeRTOS/Source/tasks.o
                0x000000000800ab60                xTaskPriorityDisinherit
 .text.prvAddCurrentTaskToDelayedList
                0x000000000800ac3c       0xa8 ./Middlewares/Third_Party/FreeRTOS/Source/tasks.o
 .text.xTimerCreateTimerTask
                0x000000000800ace4       0x90 ./Middlewares/Third_Party/FreeRTOS/Source/timers.o
                0x000000000800ace4                xTimerCreateTimerTask
 .text.xTimerGenericCommand
                0x000000000800ad74       0x9c ./Middlewares/Third_Party/FreeRTOS/Source/timers.o
                0x000000000800ad74                xTimerGenericCommand
 .text.prvProcessExpiredTimer
                0x000000000800ae10       0x98 ./Middlewares/Third_Party/FreeRTOS/Source/timers.o
 .text.prvTimerTask
                0x000000000800aea8       0x24 ./Middlewares/Third_Party/FreeRTOS/Source/timers.o
 .text.prvProcessTimerOrBlockTask
                0x000000000800aecc       0x9c ./Middlewares/Third_Party/FreeRTOS/Source/timers.o
 .text.prvGetNextExpireTime
                0x000000000800af68       0x48 ./Middlewares/Third_Party/FreeRTOS/Source/timers.o
 .text.prvSampleTimeNow
                0x000000000800afb0       0x40 ./Middlewares/Third_Party/FreeRTOS/Source/timers.o
 .text.prvInsertTimerInActiveList
                0x000000000800aff0       0x84 ./Middlewares/Third_Party/FreeRTOS/Source/timers.o
 .text.prvProcessReceivedCommands
                0x000000000800b074      0x1c4 ./Middlewares/Third_Party/FreeRTOS/Source/timers.o
 .text.prvSwitchTimerLists
                0x000000000800b238       0xc8 ./Middlewares/Third_Party/FreeRTOS/Source/timers.o
 .text.prvCheckForValidListAndQueue
                0x000000000800b300       0x80 ./Middlewares/Third_Party/FreeRTOS/Source/timers.o
 .text.pxPortInitialiseStack
                0x000000000800b380       0x68 ./Middlewares/Third_Party/FreeRTOS/Source/portable/GCC/ARM_CM4F/port.o
                0x000000000800b380                pxPortInitialiseStack
 .text.prvTaskExitError
                0x000000000800b3e8       0x58 ./Middlewares/Third_Party/FreeRTOS/Source/portable/GCC/ARM_CM4F/port.o
 .text.SVC_Handler
                0x000000000800b440       0x28 ./Middlewares/Third_Party/FreeRTOS/Source/portable/GCC/ARM_CM4F/port.o
                0x000000000800b440                SVC_Handler
 .text.prvPortStartFirstTask
                0x000000000800b468       0x28 ./Middlewares/Third_Party/FreeRTOS/Source/portable/GCC/ARM_CM4F/port.o
 .text.xPortStartScheduler
                0x000000000800b490      0x144 ./Middlewares/Third_Party/FreeRTOS/Source/portable/GCC/ARM_CM4F/port.o
                0x000000000800b490                xPortStartScheduler
 .text.vPortEnterCritical
                0x000000000800b5d4       0x60 ./Middlewares/Third_Party/FreeRTOS/Source/portable/GCC/ARM_CM4F/port.o
                0x000000000800b5d4                vPortEnterCritical
 .text.vPortExitCritical
                0x000000000800b634       0x54 ./Middlewares/Third_Party/FreeRTOS/Source/portable/GCC/ARM_CM4F/port.o
                0x000000000800b634                vPortExitCritical
 *fill*         0x000000000800b688        0x8 
 .text.PendSV_Handler
                0x000000000800b690       0x68 ./Middlewares/Third_Party/FreeRTOS/Source/portable/GCC/ARM_CM4F/port.o
                0x000000000800b690                PendSV_Handler
 .text.xPortSysTickHandler
                0x000000000800b6f8       0x44 ./Middlewares/Third_Party/FreeRTOS/Source/portable/GCC/ARM_CM4F/port.o
                0x000000000800b6f8                xPortSysTickHandler
 .text.vPortSetupTimerInterrupt
                0x000000000800b73c       0x48 ./Middlewares/Third_Party/FreeRTOS/Source/portable/GCC/ARM_CM4F/port.o
                0x000000000800b73c                vPortSetupTimerInterrupt
 .text.vPortEnableVFP
                0x000000000800b784       0x14 ./Middlewares/Third_Party/FreeRTOS/Source/portable/GCC/ARM_CM4F/port.o
 .text.vPortValidateInterruptPriority
                0x000000000800b798       0x80 ./Middlewares/Third_Party/FreeRTOS/Source/portable/GCC/ARM_CM4F/port.o
                0x000000000800b798                vPortValidateInterruptPriority
 .text.pvPortMalloc
                0x000000000800b818      0x198 ./Middlewares/Third_Party/FreeRTOS/Source/portable/MemMang/heap_4.o
                0x000000000800b818                pvPortMalloc
 .text.vPortFree
                0x000000000800b9b0       0xc4 ./Middlewares/Third_Party/FreeRTOS/Source/portable/MemMang/heap_4.o
                0x000000000800b9b0                vPortFree
 .text.prvHeapInit
                0x000000000800ba74       0xc4 ./Middlewares/Third_Party/FreeRTOS/Source/portable/MemMang/heap_4.o
 .text.prvInsertBlockIntoFreeList
                0x000000000800bb38       0xb4 ./Middlewares/Third_Party/FreeRTOS/Source/portable/MemMang/heap_4.o
 .text.MX_USB_DEVICE_Init
                0x000000000800bbec       0x60 ./USB_DEVICE/App/usb_device.o
                0x000000000800bbec                MX_USB_DEVICE_Init
 .text.CDC_Init_FS
                0x000000000800bc4c       0x28 ./USB_DEVICE/App/usbd_cdc_if.o
 .text.CDC_DeInit_FS
                0x000000000800bc74       0x10 ./USB_DEVICE/App/usbd_cdc_if.o
 .text.CDC_Control_FS
                0x000000000800bc84       0xbc ./USB_DEVICE/App/usbd_cdc_if.o
 .text.CDC_Receive_FS
                0x000000000800bd40       0x28 ./USB_DEVICE/App/usbd_cdc_if.o
 .text.CDC_TransmitCplt_FS
                0x000000000800bd68       0x22 ./USB_DEVICE/App/usbd_cdc_if.o
 *fill*         0x000000000800bd8a        0x2 
 .text.USBD_FS_DeviceDescriptor
                0x000000000800bd8c       0x24 ./USB_DEVICE/App/usbd_desc.o
                0x000000000800bd8c                USBD_FS_DeviceDescriptor
 .text.USBD_FS_LangIDStrDescriptor
                0x000000000800bdb0       0x24 ./USB_DEVICE/App/usbd_desc.o
                0x000000000800bdb0                USBD_FS_LangIDStrDescriptor
 .text.USBD_FS_ProductStrDescriptor
                0x000000000800bdd4       0x3c ./USB_DEVICE/App/usbd_desc.o
                0x000000000800bdd4                USBD_FS_ProductStrDescriptor
 .text.USBD_FS_ManufacturerStrDescriptor
                0x000000000800be10       0x28 ./USB_DEVICE/App/usbd_desc.o
                0x000000000800be10                USBD_FS_ManufacturerStrDescriptor
 .text.USBD_FS_SerialStrDescriptor
                0x000000000800be38       0x24 ./USB_DEVICE/App/usbd_desc.o
                0x000000000800be38                USBD_FS_SerialStrDescriptor
 .text.USBD_FS_ConfigStrDescriptor
                0x000000000800be5c       0x3c ./USB_DEVICE/App/usbd_desc.o
                0x000000000800be5c                USBD_FS_ConfigStrDescriptor
 .text.USBD_FS_InterfaceStrDescriptor
                0x000000000800be98       0x3c ./USB_DEVICE/App/usbd_desc.o
                0x000000000800be98                USBD_FS_InterfaceStrDescriptor
 .text.Get_SerialNum
                0x000000000800bed4       0x58 ./USB_DEVICE/App/usbd_desc.o
 .text.IntToUnicode
                0x000000000800bf2c       0x7e ./USB_DEVICE/App/usbd_desc.o
 *fill*         0x000000000800bfaa        0x2 
 .text.HAL_PCD_MspInit
                0x000000000800bfac       0xa8 ./USB_DEVICE/Target/usbd_conf.o
                0x000000000800bfac                HAL_PCD_MspInit
 .text.HAL_PCD_SetupStageCallback
                0x000000000800c054       0x24 ./USB_DEVICE/Target/usbd_conf.o
                0x000000000800c054                HAL_PCD_SetupStageCallback
 .text.HAL_PCD_DataOutStageCallback
                0x000000000800c078       0x36 ./USB_DEVICE/Target/usbd_conf.o
                0x000000000800c078                HAL_PCD_DataOutStageCallback
 .text.HAL_PCD_DataInStageCallback
                0x000000000800c0ae       0x34 ./USB_DEVICE/Target/usbd_conf.o
                0x000000000800c0ae                HAL_PCD_DataInStageCallback
 .text.HAL_PCD_SOFCallback
                0x000000000800c0e2       0x1c ./USB_DEVICE/Target/usbd_conf.o
                0x000000000800c0e2                HAL_PCD_SOFCallback
 .text.HAL_PCD_ResetCallback
                0x000000000800c0fe       0x3c ./USB_DEVICE/Target/usbd_conf.o
                0x000000000800c0fe                HAL_PCD_ResetCallback
 *fill*         0x000000000800c13a        0x2 
 .text.HAL_PCD_SuspendCallback
                0x000000000800c13c       0x4c ./USB_DEVICE/Target/usbd_conf.o
                0x000000000800c13c                HAL_PCD_SuspendCallback
 .text.HAL_PCD_ResumeCallback
                0x000000000800c188       0x1c ./USB_DEVICE/Target/usbd_conf.o
                0x000000000800c188                HAL_PCD_ResumeCallback
 .text.HAL_PCD_ISOOUTIncompleteCallback
                0x000000000800c1a4       0x24 ./USB_DEVICE/Target/usbd_conf.o
                0x000000000800c1a4                HAL_PCD_ISOOUTIncompleteCallback
 .text.HAL_PCD_ISOINIncompleteCallback
                0x000000000800c1c8       0x24 ./USB_DEVICE/Target/usbd_conf.o
                0x000000000800c1c8                HAL_PCD_ISOINIncompleteCallback
 .text.HAL_PCD_ConnectCallback
                0x000000000800c1ec       0x1c ./USB_DEVICE/Target/usbd_conf.o
                0x000000000800c1ec                HAL_PCD_ConnectCallback
 .text.HAL_PCD_DisconnectCallback
                0x000000000800c208       0x1c ./USB_DEVICE/Target/usbd_conf.o
                0x000000000800c208                HAL_PCD_DisconnectCallback
 .text.USBD_LL_Init
                0x000000000800c224       0x98 ./USB_DEVICE/Target/usbd_conf.o
                0x000000000800c224                USBD_LL_Init
 .text.USBD_LL_Start
                0x000000000800c2bc       0x36 ./USB_DEVICE/Target/usbd_conf.o
                0x000000000800c2bc                USBD_LL_Start
 .text.USBD_LL_OpenEP
                0x000000000800c2f2       0x4c ./USB_DEVICE/Target/usbd_conf.o
                0x000000000800c2f2                USBD_LL_OpenEP
 .text.USBD_LL_CloseEP
                0x000000000800c33e       0x3e ./USB_DEVICE/Target/usbd_conf.o
                0x000000000800c33e                USBD_LL_CloseEP
 .text.USBD_LL_StallEP
                0x000000000800c37c       0x3e ./USB_DEVICE/Target/usbd_conf.o
                0x000000000800c37c                USBD_LL_StallEP
 .text.USBD_LL_ClearStallEP
                0x000000000800c3ba       0x3e ./USB_DEVICE/Target/usbd_conf.o
                0x000000000800c3ba                USBD_LL_ClearStallEP
 .text.USBD_LL_IsStallEP
                0x000000000800c3f8       0x58 ./USB_DEVICE/Target/usbd_conf.o
                0x000000000800c3f8                USBD_LL_IsStallEP
 .text.USBD_LL_SetUSBAddress
                0x000000000800c450       0x3e ./USB_DEVICE/Target/usbd_conf.o
                0x000000000800c450                USBD_LL_SetUSBAddress
 .text.USBD_LL_Transmit
                0x000000000800c48e       0x42 ./USB_DEVICE/Target/usbd_conf.o
                0x000000000800c48e                USBD_LL_Transmit
 .text.USBD_LL_PrepareReceive
                0x000000000800c4d0       0x42 ./USB_DEVICE/Target/usbd_conf.o
                0x000000000800c4d0                USBD_LL_PrepareReceive
 .text.USBD_LL_GetRxDataSize
                0x000000000800c512       0x26 ./USB_DEVICE/Target/usbd_conf.o
                0x000000000800c512                USBD_LL_GetRxDataSize
 .text.USBD_static_malloc
                0x000000000800c538       0x1c ./USB_DEVICE/Target/usbd_conf.o
                0x000000000800c538                USBD_static_malloc
 .text.USBD_static_free
                0x000000000800c554       0x14 ./USB_DEVICE/Target/usbd_conf.o
                0x000000000800c554                USBD_static_free
 .text.USBD_Get_USB_Status
                0x000000000800c568       0x58 ./USB_DEVICE/Target/usbd_conf.o
                0x000000000800c568                USBD_Get_USB_Status
 .text._DoInit  0x000000000800c5c0       0xb4 ./external/RTT/SEGGER_RTT.o
 .text._WriteBlocking
                0x000000000800c674       0xba ./external/RTT/SEGGER_RTT.o
 .text._WriteNoCheck
                0x000000000800c72e       0x90 ./external/RTT/SEGGER_RTT.o
 .text._GetAvailWriteSpace
                0x000000000800c7be       0x46 ./external/RTT/SEGGER_RTT.o
 .text.SEGGER_RTT_WriteNoLock
                0x000000000800c804       0xa0 ./external/RTT/SEGGER_RTT.o
                0x000000000800c804                SEGGER_RTT_WriteNoLock
 .text.SEGGER_RTT_Write
                0x000000000800c8a4       0x4c ./external/RTT/SEGGER_RTT.o
                0x000000000800c8a4                SEGGER_RTT_Write
 .text.SEGGER_RTT_Init
                0x000000000800c8f0        0xc ./external/RTT/SEGGER_RTT.o
                0x000000000800c8f0                SEGGER_RTT_Init
 .text._write   0x000000000800c8fc       0x20 ./external/rtt_syscall.o
                0x000000000800c8fc                _write
 .text.ButtonPoll
                0x000000000800c91c       0xb4 ./src/buttonThread.o
                0x000000000800c91c                ButtonPoll
 .text.BtnEventHandler_task
                0x000000000800c9d0       0x30 ./src/buttonThread.o
                0x000000000800c9d0                BtnEventHandler_task
 .text.std      0x000000000800ca00       0x48 C:/ST/STM32CubeIDE_1.13.1/STM32CubeIDE/plugins/com.st.stm32cube.ide.mcu.externaltools.gnu-tools-for-stm32.11.3.rel1.win32_1.1.0.202305231506/tools/bin/../lib/gcc/arm-none-eabi/11.3.1/../../../../arm-none-eabi/lib/thumb/v7e-m+fp/hard\libc_nano.a(libc_a-findfp.o)
 .text.stdio_exit_handler
                0x000000000800ca48       0x18 C:/ST/STM32CubeIDE_1.13.1/STM32CubeIDE/plugins/com.st.stm32cube.ide.mcu.externaltools.gnu-tools-for-stm32.11.3.rel1.win32_1.1.0.202305231506/tools/bin/../lib/gcc/arm-none-eabi/11.3.1/../../../../arm-none-eabi/lib/thumb/v7e-m+fp/hard\libc_nano.a(libc_a-findfp.o)
 .text.cleanup_stdio
                0x000000000800ca60       0x40 C:/ST/STM32CubeIDE_1.13.1/STM32CubeIDE/plugins/com.st.stm32cube.ide.mcu.externaltools.gnu-tools-for-stm32.11.3.rel1.win32_1.1.0.202305231506/tools/bin/../lib/gcc/arm-none-eabi/11.3.1/../../../../arm-none-eabi/lib/thumb/v7e-m+fp/hard\libc_nano.a(libc_a-findfp.o)
 .text.global_stdio_init.part.0
                0x000000000800caa0       0x3c C:/ST/STM32CubeIDE_1.13.1/STM32CubeIDE/plugins/com.st.stm32cube.ide.mcu.externaltools.gnu-tools-for-stm32.11.3.rel1.win32_1.1.0.202305231506/tools/bin/../lib/gcc/arm-none-eabi/11.3.1/../../../../arm-none-eabi/lib/thumb/v7e-m+fp/hard\libc_nano.a(libc_a-findfp.o)
 .text.__sfp_lock_acquire
                0x000000000800cadc        0xc C:/ST/STM32CubeIDE_1.13.1/STM32CubeIDE/plugins/com.st.stm32cube.ide.mcu.externaltools.gnu-tools-for-stm32.11.3.rel1.win32_1.1.0.202305231506/tools/bin/../lib/gcc/arm-none-eabi/11.3.1/../../../../arm-none-eabi/lib/thumb/v7e-m+fp/hard\libc_nano.a(libc_a-findfp.o)
                0x000000000800cadc                __sfp_lock_acquire
 .text.__sfp_lock_release
                0x000000000800cae8        0xc C:/ST/STM32CubeIDE_1.13.1/STM32CubeIDE/plugins/com.st.stm32cube.ide.mcu.externaltools.gnu-tools-for-stm32.11.3.rel1.win32_1.1.0.202305231506/tools/bin/../lib/gcc/arm-none-eabi/11.3.1/../../../../arm-none-eabi/lib/thumb/v7e-m+fp/hard\libc_nano.a(libc_a-findfp.o)
                0x000000000800cae8                __sfp_lock_release
 .text.__sinit  0x000000000800caf4       0x30 C:/ST/STM32CubeIDE_1.13.1/STM32CubeIDE/plugins/com.st.stm32cube.ide.mcu.externaltools.gnu-tools-for-stm32.11.3.rel1.win32_1.1.0.202305231506/tools/bin/../lib/gcc/arm-none-eabi/11.3.1/../../../../arm-none-eabi/lib/thumb/v7e-m+fp/hard\libc_nano.a(libc_a-findfp.o)
                0x000000000800caf4                __sinit
 .text._fwalk_sglue
                0x000000000800cb24       0x3c C:/ST/STM32CubeIDE_1.13.1/STM32CubeIDE/plugins/com.st.stm32cube.ide.mcu.externaltools.gnu-tools-for-stm32.11.3.rel1.win32_1.1.0.202305231506/tools/bin/../lib/gcc/arm-none-eabi/11.3.1/../../../../arm-none-eabi/lib/thumb/v7e-m+fp/hard\libc_nano.a(libc_a-fwalk.o)
                0x000000000800cb24                _fwalk_sglue
 .text.printf   0x000000000800cb60       0x24 C:/ST/STM32CubeIDE_1.13.1/STM32CubeIDE/plugins/com.st.stm32cube.ide.mcu.externaltools.gnu-tools-for-stm32.11.3.rel1.win32_1.1.0.202305231506/tools/bin/../lib/gcc/arm-none-eabi/11.3.1/../../../../arm-none-eabi/lib/thumb/v7e-m+fp/hard\libc_nano.a(libc_a-printf.o)
                0x000000000800cb60                iprintf
                0x000000000800cb60                printf
 .text._puts_r  0x000000000800cb84       0xa8 C:/ST/STM32CubeIDE_1.13.1/STM32CubeIDE/plugins/com.st.stm32cube.ide.mcu.externaltools.gnu-tools-for-stm32.11.3.rel1.win32_1.1.0.202305231506/tools/bin/../lib/gcc/arm-none-eabi/11.3.1/../../../../arm-none-eabi/lib/thumb/v7e-m+fp/hard\libc_nano.a(libc_a-puts.o)
                0x000000000800cb84                _puts_r
 .text.puts     0x000000000800cc2c       0x10 C:/ST/STM32CubeIDE_1.13.1/STM32CubeIDE/plugins/com.st.stm32cube.ide.mcu.externaltools.gnu-tools-for-stm32.11.3.rel1.win32_1.1.0.202305231506/tools/bin/../lib/gcc/arm-none-eabi/11.3.1/../../../../arm-none-eabi/lib/thumb/v7e-m+fp/hard\libc_nano.a(libc_a-puts.o)
                0x000000000800cc2c                puts
 .text.__sread  0x000000000800cc3c       0x22 C:/ST/STM32CubeIDE_1.13.1/STM32CubeIDE/plugins/com.st.stm32cube.ide.mcu.externaltools.gnu-tools-for-stm32.11.3.rel1.win32_1.1.0.202305231506/tools/bin/../lib/gcc/arm-none-eabi/11.3.1/../../../../arm-none-eabi/lib/thumb/v7e-m+fp/hard\libc_nano.a(libc_a-stdio.o)
                0x000000000800cc3c                __sread
 .text.__swrite
                0x000000000800cc5e       0x38 C:/ST/STM32CubeIDE_1.13.1/STM32CubeIDE/plugins/com.st.stm32cube.ide.mcu.externaltools.gnu-tools-for-stm32.11.3.rel1.win32_1.1.0.202305231506/tools/bin/../lib/gcc/arm-none-eabi/11.3.1/../../../../arm-none-eabi/lib/thumb/v7e-m+fp/hard\libc_nano.a(libc_a-stdio.o)
                0x000000000800cc5e                __swrite
 .text.__sseek  0x000000000800cc96       0x24 C:/ST/STM32CubeIDE_1.13.1/STM32CubeIDE/plugins/com.st.stm32cube.ide.mcu.externaltools.gnu-tools-for-stm32.11.3.rel1.win32_1.1.0.202305231506/tools/bin/../lib/gcc/arm-none-eabi/11.3.1/../../../../arm-none-eabi/lib/thumb/v7e-m+fp/hard\libc_nano.a(libc_a-stdio.o)
                0x000000000800cc96                __sseek
 .text.__sclose
                0x000000000800ccba        0x8 C:/ST/STM32CubeIDE_1.13.1/STM32CubeIDE/plugins/com.st.stm32cube.ide.mcu.externaltools.gnu-tools-for-stm32.11.3.rel1.win32_1.1.0.202305231506/tools/bin/../lib/gcc/arm-none-eabi/11.3.1/../../../../arm-none-eabi/lib/thumb/v7e-m+fp/hard\libc_nano.a(libc_a-stdio.o)
                0x000000000800ccba                __sclose
 .text.__swbuf_r
                0x000000000800ccc2       0x7a C:/ST/STM32CubeIDE_1.13.1/STM32CubeIDE/plugins/com.st.stm32cube.ide.mcu.externaltools.gnu-tools-for-stm32.11.3.rel1.win32_1.1.0.202305231506/tools/bin/../lib/gcc/arm-none-eabi/11.3.1/../../../../arm-none-eabi/lib/thumb/v7e-m+fp/hard\libc_nano.a(libc_a-wbuf.o)
                0x000000000800ccc2                __swbuf_r
 .text.__swsetup_r
                0x000000000800cd3c       0xb0 C:/ST/STM32CubeIDE_1.13.1/STM32CubeIDE/plugins/com.st.stm32cube.ide.mcu.externaltools.gnu-tools-for-stm32.11.3.rel1.win32_1.1.0.202305231506/tools/bin/../lib/gcc/arm-none-eabi/11.3.1/../../../../arm-none-eabi/lib/thumb/v7e-m+fp/hard\libc_nano.a(libc_a-wsetup.o)
                0x000000000800cd3c                __swsetup_r
 .text.memset   0x000000000800cdec       0x10 C:/ST/STM32CubeIDE_1.13.1/STM32CubeIDE/plugins/com.st.stm32cube.ide.mcu.externaltools.gnu-tools-for-stm32.11.3.rel1.win32_1.1.0.202305231506/tools/bin/../lib/gcc/arm-none-eabi/11.3.1/../../../../arm-none-eabi/lib/thumb/v7e-m+fp/hard\libc_nano.a(libc_a-memset.o)
                0x000000000800cdec                memset
 .text._close_r
                0x000000000800cdfc       0x20 C:/ST/STM32CubeIDE_1.13.1/STM32CubeIDE/plugins/com.st.stm32cube.ide.mcu.externaltools.gnu-tools-for-stm32.11.3.rel1.win32_1.1.0.202305231506/tools/bin/../lib/gcc/arm-none-eabi/11.3.1/../../../../arm-none-eabi/lib/thumb/v7e-m+fp/hard\libc_nano.a(libc_a-closer.o)
                0x000000000800cdfc                _close_r
 .text._reclaim_reent
                0x000000000800ce1c       0xac C:/ST/STM32CubeIDE_1.13.1/STM32CubeIDE/plugins/com.st.stm32cube.ide.mcu.externaltools.gnu-tools-for-stm32.11.3.rel1.win32_1.1.0.202305231506/tools/bin/../lib/gcc/arm-none-eabi/11.3.1/../../../../arm-none-eabi/lib/thumb/v7e-m+fp/hard\libc_nano.a(libc_a-reent.o)
                0x000000000800ce1c                _reclaim_reent
 .text._lseek_r
                0x000000000800cec8       0x24 C:/ST/STM32CubeIDE_1.13.1/STM32CubeIDE/plugins/com.st.stm32cube.ide.mcu.externaltools.gnu-tools-for-stm32.11.3.rel1.win32_1.1.0.202305231506/tools/bin/../lib/gcc/arm-none-eabi/11.3.1/../../../../arm-none-eabi/lib/thumb/v7e-m+fp/hard\libc_nano.a(libc_a-lseekr.o)
                0x000000000800cec8                _lseek_r
 .text._read_r  0x000000000800ceec       0x24 C:/ST/STM32CubeIDE_1.13.1/STM32CubeIDE/plugins/com.st.stm32cube.ide.mcu.externaltools.gnu-tools-for-stm32.11.3.rel1.win32_1.1.0.202305231506/tools/bin/../lib/gcc/arm-none-eabi/11.3.1/../../../../arm-none-eabi/lib/thumb/v7e-m+fp/hard\libc_nano.a(libc_a-readr.o)
                0x000000000800ceec                _read_r
 .text._write_r
                0x000000000800cf10       0x24 C:/ST/STM32CubeIDE_1.13.1/STM32CubeIDE/plugins/com.st.stm32cube.ide.mcu.externaltools.gnu-tools-for-stm32.11.3.rel1.win32_1.1.0.202305231506/tools/bin/../lib/gcc/arm-none-eabi/11.3.1/../../../../arm-none-eabi/lib/thumb/v7e-m+fp/hard\libc_nano.a(libc_a-writer.o)
                0x000000000800cf10                _write_r
 .text.__errno  0x000000000800cf34        0xc C:/ST/STM32CubeIDE_1.13.1/STM32CubeIDE/plugins/com.st.stm32cube.ide.mcu.externaltools.gnu-tools-for-stm32.11.3.rel1.win32_1.1.0.202305231506/tools/bin/../lib/gcc/arm-none-eabi/11.3.1/../../../../arm-none-eabi/lib/thumb/v7e-m+fp/hard\libc_nano.a(libc_a-errno.o)
                0x000000000800cf34                __errno
 .text.__libc_init_array
                0x000000000800cf40       0x48 C:/ST/STM32CubeIDE_1.13.1/STM32CubeIDE/plugins/com.st.stm32cube.ide.mcu.externaltools.gnu-tools-for-stm32.11.3.rel1.win32_1.1.0.202305231506/tools/bin/../lib/gcc/arm-none-eabi/11.3.1/../../../../arm-none-eabi/lib/thumb/v7e-m+fp/hard\libc_nano.a(libc_a-init.o)
                0x000000000800cf40                __libc_init_array
 .text.__retarget_lock_acquire_recursive
                0x000000000800cf88        0x2 C:/ST/STM32CubeIDE_1.13.1/STM32CubeIDE/plugins/com.st.stm32cube.ide.mcu.externaltools.gnu-tools-for-stm32.11.3.rel1.win32_1.1.0.202305231506/tools/bin/../lib/gcc/arm-none-eabi/11.3.1/../../../../arm-none-eabi/lib/thumb/v7e-m+fp/hard\libc_nano.a(libc_a-lock.o)
                0x000000000800cf88                __retarget_lock_acquire_recursive
 .text.__retarget_lock_release_recursive
                0x000000000800cf8a        0x2 C:/ST/STM32CubeIDE_1.13.1/STM32CubeIDE/plugins/com.st.stm32cube.ide.mcu.externaltools.gnu-tools-for-stm32.11.3.rel1.win32_1.1.0.202305231506/tools/bin/../lib/gcc/arm-none-eabi/11.3.1/../../../../arm-none-eabi/lib/thumb/v7e-m+fp/hard\libc_nano.a(libc_a-lock.o)
                0x000000000800cf8a                __retarget_lock_release_recursive
 .text.memcpy   0x000000000800cf8c       0x1c C:/ST/STM32CubeIDE_1.13.1/STM32CubeIDE/plugins/com.st.stm32cube.ide.mcu.externaltools.gnu-tools-for-stm32.11.3.rel1.win32_1.1.0.202305231506/tools/bin/../lib/gcc/arm-none-eabi/11.3.1/../../../../arm-none-eabi/lib/thumb/v7e-m+fp/hard\libc_nano.a(libc_a-memcpy-stub.o)
                0x000000000800cf8c                memcpy
 .text._free_r  0x000000000800cfa8       0x98 C:/ST/STM32CubeIDE_1.13.1/STM32CubeIDE/plugins/com.st.stm32cube.ide.mcu.externaltools.gnu-tools-for-stm32.11.3.rel1.win32_1.1.0.202305231506/tools/bin/../lib/gcc/arm-none-eabi/11.3.1/../../../../arm-none-eabi/lib/thumb/v7e-m+fp/hard\libc_nano.a(libc_a-freer.o)
                0x000000000800cfa8                _free_r
 .text.sbrk_aligned
                0x000000000800d040       0x40 C:/ST/STM32CubeIDE_1.13.1/STM32CubeIDE/plugins/com.st.stm32cube.ide.mcu.externaltools.gnu-tools-for-stm32.11.3.rel1.win32_1.1.0.202305231506/tools/bin/../lib/gcc/arm-none-eabi/11.3.1/../../../../arm-none-eabi/lib/thumb/v7e-m+fp/hard\libc_nano.a(libc_a-mallocr.o)
 .text._malloc_r
                0x000000000800d080      0x100 C:/ST/STM32CubeIDE_1.13.1/STM32CubeIDE/plugins/com.st.stm32cube.ide.mcu.externaltools.gnu-tools-for-stm32.11.3.rel1.win32_1.1.0.202305231506/tools/bin/../lib/gcc/arm-none-eabi/11.3.1/../../../../arm-none-eabi/lib/thumb/v7e-m+fp/hard\libc_nano.a(libc_a-mallocr.o)
                0x000000000800d080                _malloc_r
 .text.__malloc_lock
                0x000000000800d180        0xc C:/ST/STM32CubeIDE_1.13.1/STM32CubeIDE/plugins/com.st.stm32cube.ide.mcu.externaltools.gnu-tools-for-stm32.11.3.rel1.win32_1.1.0.202305231506/tools/bin/../lib/gcc/arm-none-eabi/11.3.1/../../../../arm-none-eabi/lib/thumb/v7e-m+fp/hard\libc_nano.a(libc_a-mlock.o)
                0x000000000800d180                __malloc_lock
 .text.__malloc_unlock
                0x000000000800d18c        0xc C:/ST/STM32CubeIDE_1.13.1/STM32CubeIDE/plugins/com.st.stm32cube.ide.mcu.externaltools.gnu-tools-for-stm32.11.3.rel1.win32_1.1.0.202305231506/tools/bin/../lib/gcc/arm-none-eabi/11.3.1/../../../../arm-none-eabi/lib/thumb/v7e-m+fp/hard\libc_nano.a(libc_a-mlock.o)
                0x000000000800d18c                __malloc_unlock
 .text.__sfputc_r
                0x000000000800d198       0x2e C:/ST/STM32CubeIDE_1.13.1/STM32CubeIDE/plugins/com.st.stm32cube.ide.mcu.externaltools.gnu-tools-for-stm32.11.3.rel1.win32_1.1.0.202305231506/tools/bin/../lib/gcc/arm-none-eabi/11.3.1/../../../../arm-none-eabi/lib/thumb/v7e-m+fp/hard\libc_nano.a(libc_a-nano-vfprintf.o)
 .text.__sfputs_r
                0x000000000800d1c6       0x24 C:/ST/STM32CubeIDE_1.13.1/STM32CubeIDE/plugins/com.st.stm32cube.ide.mcu.externaltools.gnu-tools-for-stm32.11.3.rel1.win32_1.1.0.202305231506/tools/bin/../lib/gcc/arm-none-eabi/11.3.1/../../../../arm-none-eabi/lib/thumb/v7e-m+fp/hard\libc_nano.a(libc_a-nano-vfprintf.o)
                0x000000000800d1c6                __sfputs_r
 *fill*         0x000000000800d1ea        0x2 
 .text._vfprintf_r
                0x000000000800d1ec      0x234 C:/ST/STM32CubeIDE_1.13.1/STM32CubeIDE/plugins/com.st.stm32cube.ide.mcu.externaltools.gnu-tools-for-stm32.11.3.rel1.win32_1.1.0.202305231506/tools/bin/../lib/gcc/arm-none-eabi/11.3.1/../../../../arm-none-eabi/lib/thumb/v7e-m+fp/hard\libc_nano.a(libc_a-nano-vfprintf.o)
                0x000000000800d1ec                _vfprintf_r
                0x000000000800d1ec                _vfiprintf_r
 .text._printf_common
                0x000000000800d420       0xda C:/ST/STM32CubeIDE_1.13.1/STM32CubeIDE/plugins/com.st.stm32cube.ide.mcu.externaltools.gnu-tools-for-stm32.11.3.rel1.win32_1.1.0.202305231506/tools/bin/../lib/gcc/arm-none-eabi/11.3.1/../../../../arm-none-eabi/lib/thumb/v7e-m+fp/hard\libc_nano.a(libc_a-nano-vfprintf_i.o)
                0x000000000800d420                _printf_common
 *fill*         0x000000000800d4fa        0x2 
 .text._printf_i
                0x000000000800d4fc      0x244 C:/ST/STM32CubeIDE_1.13.1/STM32CubeIDE/plugins/com.st.stm32cube.ide.mcu.externaltools.gnu-tools-for-stm32.11.3.rel1.win32_1.1.0.202305231506/tools/bin/../lib/gcc/arm-none-eabi/11.3.1/../../../../arm-none-eabi/lib/thumb/v7e-m+fp/hard\libc_nano.a(libc_a-nano-vfprintf_i.o)
                0x000000000800d4fc                _printf_i
 .text.__sflush_r
                0x000000000800d740      0x10c C:/ST/STM32CubeIDE_1.13.1/STM32CubeIDE/plugins/com.st.stm32cube.ide.mcu.externaltools.gnu-tools-for-stm32.11.3.rel1.win32_1.1.0.202305231506/tools/bin/../lib/gcc/arm-none-eabi/11.3.1/../../../../arm-none-eabi/lib/thumb/v7e-m+fp/hard\libc_nano.a(libc_a-fflush.o)
                0x000000000800d740                __sflush_r
 .text._fflush_r
                0x000000000800d84c       0x50 C:/ST/STM32CubeIDE_1.13.1/STM32CubeIDE/plugins/com.st.stm32cube.ide.mcu.externaltools.gnu-tools-for-stm32.11.3.rel1.win32_1.1.0.202305231506/tools/bin/../lib/gcc/arm-none-eabi/11.3.1/../../../../arm-none-eabi/lib/thumb/v7e-m+fp/hard\libc_nano.a(libc_a-fflush.o)
                0x000000000800d84c                _fflush_r
 .text.__swhatbuf_r
                0x000000000800d89c       0x4c C:/ST/STM32CubeIDE_1.13.1/STM32CubeIDE/plugins/com.st.stm32cube.ide.mcu.externaltools.gnu-tools-for-stm32.11.3.rel1.win32_1.1.0.202305231506/tools/bin/../lib/gcc/arm-none-eabi/11.3.1/../../../../arm-none-eabi/lib/thumb/v7e-m+fp/hard\libc_nano.a(libc_a-makebuf.o)
                0x000000000800d89c                __swhatbuf_r
 .text.__smakebuf_r
                0x000000000800d8e8       0x78 C:/ST/STM32CubeIDE_1.13.1/STM32CubeIDE/plugins/com.st.stm32cube.ide.mcu.externaltools.gnu-tools-for-stm32.11.3.rel1.win32_1.1.0.202305231506/tools/bin/../lib/gcc/arm-none-eabi/11.3.1/../../../../arm-none-eabi/lib/thumb/v7e-m+fp/hard\libc_nano.a(libc_a-makebuf.o)
                0x000000000800d8e8                __smakebuf_r
 .text._fstat_r
                0x000000000800d960       0x24 C:/ST/STM32CubeIDE_1.13.1/STM32CubeIDE/plugins/com.st.stm32cube.ide.mcu.externaltools.gnu-tools-for-stm32.11.3.rel1.win32_1.1.0.202305231506/tools/bin/../lib/gcc/arm-none-eabi/11.3.1/../../../../arm-none-eabi/lib/thumb/v7e-m+fp/hard\libc_nano.a(libc_a-fstatr.o)
                0x000000000800d960                _fstat_r
 .text._isatty_r
                0x000000000800d984       0x20 C:/ST/STM32CubeIDE_1.13.1/STM32CubeIDE/plugins/com.st.stm32cube.ide.mcu.externaltools.gnu-tools-for-stm32.11.3.rel1.win32_1.1.0.202305231506/tools/bin/../lib/gcc/arm-none-eabi/11.3.1/../../../../arm-none-eabi/lib/thumb/v7e-m+fp/hard\libc_nano.a(libc_a-isattyr.o)
                0x000000000800d984                _isatty_r
 .text._sbrk_r  0x000000000800d9a4       0x20 C:/ST/STM32CubeIDE_1.13.1/STM32CubeIDE/plugins/com.st.stm32cube.ide.mcu.externaltools.gnu-tools-for-stm32.11.3.rel1.win32_1.1.0.202305231506/tools/bin/../lib/gcc/arm-none-eabi/11.3.1/../../../../arm-none-eabi/lib/thumb/v7e-m+fp/hard\libc_nano.a(libc_a-sbrkr.o)
                0x000000000800d9a4                _sbrk_r
 *(.glue_7)
 .glue_7        0x000000000800d9c4        0x0 linker stubs
 *(.glue_7t)
 .glue_7t       0x000000000800d9c4        0x0 linker stubs
 *(.eh_frame)
 .eh_frame      0x000000000800d9c4        0x0 C:/ST/STM32CubeIDE_1.13.1/STM32CubeIDE/plugins/com.st.stm32cube.ide.mcu.externaltools.gnu-tools-for-stm32.11.3.rel1.win32_1.1.0.202305231506/tools/bin/../lib/gcc/arm-none-eabi/11.3.1/thumb/v7e-m+fp/hard/crtbegin.o
 *(.init)
 .init          0x000000000800d9c4        0x4 C:/ST/STM32CubeIDE_1.13.1/STM32CubeIDE/plugins/com.st.stm32cube.ide.mcu.externaltools.gnu-tools-for-stm32.11.3.rel1.win32_1.1.0.202305231506/tools/bin/../lib/gcc/arm-none-eabi/11.3.1/thumb/v7e-m+fp/hard/crti.o
                0x000000000800d9c4                _init
 .init          0x000000000800d9c8        0x8 C:/ST/STM32CubeIDE_1.13.1/STM32CubeIDE/plugins/com.st.stm32cube.ide.mcu.externaltools.gnu-tools-for-stm32.11.3.rel1.win32_1.1.0.202305231506/tools/bin/../lib/gcc/arm-none-eabi/11.3.1/thumb/v7e-m+fp/hard/crtn.o
 *(.fini)
 .fini          0x000000000800d9d0        0x4 C:/ST/STM32CubeIDE_1.13.1/STM32CubeIDE/plugins/com.st.stm32cube.ide.mcu.externaltools.gnu-tools-for-stm32.11.3.rel1.win32_1.1.0.202305231506/tools/bin/../lib/gcc/arm-none-eabi/11.3.1/thumb/v7e-m+fp/hard/crti.o
                0x000000000800d9d0                _fini
 .fini          0x000000000800d9d4        0x8 C:/ST/STM32CubeIDE_1.13.1/STM32CubeIDE/plugins/com.st.stm32cube.ide.mcu.externaltools.gnu-tools-for-stm32.11.3.rel1.win32_1.1.0.202305231506/tools/bin/../lib/gcc/arm-none-eabi/11.3.1/thumb/v7e-m+fp/hard/crtn.o
                0x000000000800d9dc                . = ALIGN (0x4)
                0x000000000800d9dc                _etext = .

.vfp11_veneer   0x000000000800d9dc        0x0
 .vfp11_veneer  0x000000000800d9dc        0x0 linker stubs

.v4_bx          0x000000000800d9dc        0x0
 .v4_bx         0x000000000800d9dc        0x0 linker stubs

.iplt           0x000000000800d9dc        0x0
 .iplt          0x000000000800d9dc        0x0 C:/ST/STM32CubeIDE_1.13.1/STM32CubeIDE/plugins/com.st.stm32cube.ide.mcu.externaltools.gnu-tools-for-stm32.11.3.rel1.win32_1.1.0.202305231506/tools/bin/../lib/gcc/arm-none-eabi/11.3.1/thumb/v7e-m+fp/hard/crtbegin.o

.rodata         0x000000000800d9dc      0x3e8
                0x000000000800d9dc                . = ALIGN (0x4)
 *(.rodata)
 .rodata        0x000000000800d9dc       0x7e ./Core/Src/main.o
 *fill*         0x000000000800da5a        0x2 
 .rodata        0x000000000800da5c       0x38 ./Drivers/STM32F4xx_HAL_Driver/Src/stm32f4xx_hal_adc.o
 .rodata        0x000000000800da94       0x3b ./Drivers/STM32F4xx_HAL_Driver/Src/stm32f4xx_hal_cortex.o
 *fill*         0x000000000800dacf        0x1 
 .rodata        0x000000000800dad0       0x38 ./Drivers/STM32F4xx_HAL_Driver/Src/stm32f4xx_hal_crc.o
 .rodata        0x000000000800db08       0x39 ./Drivers/STM32F4xx_HAL_Driver/Src/stm32f4xx_hal_gpio.o
 *fill*         0x000000000800db41        0x3 
 .rodata        0x000000000800db44       0x38 ./Drivers/STM32F4xx_HAL_Driver/Src/stm32f4xx_hal_pcd.o
 .rodata        0x000000000800db7c       0x38 ./Drivers/STM32F4xx_HAL_Driver/Src/stm32f4xx_hal_rcc.o
 .rodata        0x000000000800dbb4       0x3b ./Drivers/STM32F4xx_HAL_Driver/Src/stm32f4xx_hal_rcc_ex.o
 *fill*         0x000000000800dbef        0x1 
 .rodata        0x000000000800dbf0       0x38 ./Drivers/STM32F4xx_HAL_Driver/Src/stm32f4xx_hal_rtc.o
 .rodata        0x000000000800dc28       0x38 ./Drivers/STM32F4xx_HAL_Driver/Src/stm32f4xx_hal_tim.o
 .rodata        0x000000000800dc60        0x5 ./Middlewares/Third_Party/FreeRTOS/Source/tasks.o
 *fill*         0x000000000800dc65        0x3 
 .rodata        0x000000000800dc68        0xd ./Middlewares/Third_Party/FreeRTOS/Source/timers.o
 *fill*         0x000000000800dc75        0x3 
 .rodata        0x000000000800dc78       0x46 ./USB_DEVICE/App/usbd_desc.o
 *fill*         0x000000000800dcbe        0x2 
 .rodata        0x000000000800dcc0        0x9 ./external/RTT/SEGGER_RTT.o
 *fill*         0x000000000800dcc9        0x3 
 .rodata        0x000000000800dccc       0x17 ./src/buttonThread.o
 *(.rodata*)
 *fill*         0x000000000800dce3        0x1 
 .rodata.defaultTask_attributes
                0x000000000800dce4       0x24 ./Core/Src/main.o
                0x000000000800dce4                defaultTask_attributes
 .rodata.ButtonPollTask_attributes
                0x000000000800dd08       0x24 ./Core/Src/main.o
                0x000000000800dd08                ButtonPollTask_attributes
 .rodata.BtnEventHandler_attributes
                0x000000000800dd2c       0x24 ./Core/Src/main.o
                0x000000000800dd2c                BtnEventHandler_attributes
 .rodata.BtnEvent_attributes
                0x000000000800dd50       0x18 ./Core/Src/main.o
                0x000000000800dd50                BtnEvent_attributes
 .rodata.AHBPrescTable
                0x000000000800dd68       0x10 ./Core/Src/system_stm32f4xx.o
                0x000000000800dd68                AHBPrescTable
 .rodata.APBPrescTable
                0x000000000800dd78        0x8 ./Core/Src/system_stm32f4xx.o
                0x000000000800dd78                APBPrescTable
 .rodata._aInitStr.0
                0x000000000800dd80       0x11 ./external/RTT/SEGGER_RTT.o
 .rodata._vfprintf_r.str1.1
                0x000000000800dd91       0x11 C:/ST/STM32CubeIDE_1.13.1/STM32CubeIDE/plugins/com.st.stm32cube.ide.mcu.externaltools.gnu-tools-for-stm32.11.3.rel1.win32_1.1.0.202305231506/tools/bin/../lib/gcc/arm-none-eabi/11.3.1/../../../../arm-none-eabi/lib/thumb/v7e-m+fp/hard\libc_nano.a(libc_a-nano-vfprintf.o)
 .rodata._printf_i.str1.1
                0x000000000800dda2       0x22 C:/ST/STM32CubeIDE_1.13.1/STM32CubeIDE/plugins/com.st.stm32cube.ide.mcu.externaltools.gnu-tools-for-stm32.11.3.rel1.win32_1.1.0.202305231506/tools/bin/../lib/gcc/arm-none-eabi/11.3.1/../../../../arm-none-eabi/lib/thumb/v7e-m+fp/hard\libc_nano.a(libc_a-nano-vfprintf_i.o)
                0x000000000800ddc4                . = ALIGN (0x4)

.ARM.extab      0x000000000800ddc4        0x0
                0x000000000800ddc4                . = ALIGN (0x4)
 *(.ARM.extab* .gnu.linkonce.armextab.*)
                0x000000000800ddc4                . = ALIGN (0x4)

.ARM            0x000000000800ddc4        0x8
                0x000000000800ddc4                . = ALIGN (0x4)
                0x000000000800ddc4                __exidx_start = .
 *(.ARM.exidx*)
 .ARM.exidx     0x000000000800ddc4        0x8 C:/ST/STM32CubeIDE_1.13.1/STM32CubeIDE/plugins/com.st.stm32cube.ide.mcu.externaltools.gnu-tools-for-stm32.11.3.rel1.win32_1.1.0.202305231506/tools/bin/../lib/gcc/arm-none-eabi/11.3.1/thumb/v7e-m+fp/hard\libgcc.a(_udivmoddi4.o)
                0x000000000800ddcc                __exidx_end = .
                0x000000000800ddcc                . = ALIGN (0x4)

.rel.dyn        0x000000000800ddcc        0x0
 .rel.iplt      0x000000000800ddcc        0x0 C:/ST/STM32CubeIDE_1.13.1/STM32CubeIDE/plugins/com.st.stm32cube.ide.mcu.externaltools.gnu-tools-for-stm32.11.3.rel1.win32_1.1.0.202305231506/tools/bin/../lib/gcc/arm-none-eabi/11.3.1/thumb/v7e-m+fp/hard/crtbegin.o

.preinit_array  0x000000000800ddcc        0x0
                0x000000000800ddcc                . = ALIGN (0x4)
                0x000000000800ddcc                PROVIDE (__preinit_array_start = .)
 *(.preinit_array*)
                0x000000000800ddcc                PROVIDE (__preinit_array_end = .)
                0x000000000800ddcc                . = ALIGN (0x4)

.init_array     0x000000000800ddcc        0x4
                0x000000000800ddcc                . = ALIGN (0x4)