../Core/Src/main.c:121:5:main	8	static
../Core/Src/main.c:211:6:SystemClock_Config	88	static
../Core/Src/main.c:258:13:MX_ADC1_Init	24	static
../Core/Src/main.c:310:13:MX_CRC_Init	8	static
../Core/Src/main.c:336:13:MX_RTC_Init	32	static
../Core/Src/main.c:399:13:MX_GPIO_Init	40	static
../Core/Src/main.c:431:6:HAL_ADC_ConvCpltCallback	16	static
../Core/Src/main.c:434:6:HAL_ADC_ErrorCallback	16	static
../Core/Src/main.c:447:6:StartDefaultTask	24	static
../Core/Src/main.c:474:6:HAL_TIM_PeriodElapsedCallback	16	static
../Core/Src/main.c:491:6:Error_Handler	4	static,ignoring_inline_asm
../Core/Src/main.c:509:6:assert_failed	16	static
